15:20:25 **** Incremental Build of configuration Debug for project oled_ctrl ****
make pre-build main-build 
a9-linaro-pre-build-step
 
Building file: ../src/helloworld.c
Invoking: ARM v7 gcc compiler
arm-none-eabi-gcc -Wall -O0 -g3 -c -fmessage-length=0 -MT"src/helloworld.o" -mcpu=cortex-a9 -mfpu=vfpv3 -mfloat-abi=hard -I../../oled_ctrl_bsp/ps7_cortexa9_0/include -MMD -MP -MF"src/helloworld.d" -MT"src/helloworld.o" -o "src/helloworld.o" "../src/helloworld.c"
Finished building: ../src/helloworld.c
 
Building target: oled_ctrl.elf
Invoking: ARM v7 gcc linker
arm-none-eabi-gcc -mcpu=cortex-a9 -mfpu=vfpv3 -mfloat-abi=hard -Wl,-build-id=none -specs=Xilinx.spec -Wl,-T -Wl,../src/lscript.ld -L../../oled_ctrl_bsp/ps7_cortexa9_0/lib -o "oled_ctrl.elf"  ./src/helloworld.o ./src/platform.o   -Wl,--start-group,-lxil,-lgcc,-lc,--end-group
Finished building target: oled_ctrl.elf
 
Invoking: ARM v7 Print Size
arm-none-eabi-size oled_ctrl.elf  |tee "oled_ctrl.elf.size"
   text	   data	    bss	    dec	    hex	filename
  21260	   1484	  22616	  45360	   b130	oled_ctrl.elf
Finished building: oled_ctrl.elf.size
 

15:20:27 Build Finished (took 1s.686ms)

