01:55:19 **** Auto Build of configuration Debug for project lenet_cnn_demo ****
make pre-build main-build 
a9-linaro-pre-build-step
' '
'Building file: ../src/main.cc'
'Invoking: ARM v7 g++ compiler'
arm-none-eabi-g++ -Wall -O0 -g3 -c -fmessage-length=0 -MT"src/main.o" -mcpu=cortex-a9 -mfpu=vfpv3 -mfloat-abi=hard -I../../standalone_bsp_0/ps7_cortexa9_0/include -MMD -MP -MF"src/main.d" -MT"src/main.o" -o "src/main.o" "../src/main.cc"
../src/main.cc: In function 'int main(int, char**)':
../src/main.cc:520:16: warning: ISO C++ forbids converting a string constant to 'TCHAR* {aka char*}' [-Wwrite-strings]
  TCHAR *Path = "0:/";
                ^~~~~
../src/main.cc:536:41: warning: ISO C++ forbids converting a string constant to 'char*' [-Wwrite-strings]
  parse_mnist_images("images.bin", images);
                                         ^
../src/main.cc:540:41: warning: ISO C++ forbids converting a string constant to 'char*' [-Wwrite-strings]
  parse_mnist_labels("labels.bin", labels);
                                         ^
../src/main.cc:543:31: warning: ISO C++ forbids converting a string constant to 'char*' [-Wwrite-strings]
  parse_parameters("params.bin");
                               ^
'Finished building: ../src/main.cc'
' '
'Building file: ../src/platform.c'
'Invoking: ARM v7 g++ compiler'
arm-none-eabi-g++ -Wall -O0 -g3 -c -fmessage-length=0 -MT"src/platform.o" -mcpu=cortex-a9 -mfpu=vfpv3 -mfloat-abi=hard -I../../standalone_bsp_0/ps7_cortexa9_0/include -MMD -MP -MF"src/platform.d" -MT"src/platform.o" -o "src/platform.o" "../src/platform.c"
'Finished building: ../src/platform.c'
' '
'Building target: lenet_cnn_demo.elf'
'Invoking: ARM v7 g++ linker'
arm-none-eabi-g++ -mcpu=cortex-a9 -mfpu=vfpv3 -mfloat-abi=hard -Wl,-build-id=none -specs=Xilinx.spec -Wl,-T -Wl,../src/lscript.ld -L../../standalone_bsp_0/ps7_cortexa9_0/lib -o "lenet_cnn_demo.elf"  ./src/main.o ./src/platform.o   -Wl,--start-group,-lxil,-lgcc,-lc,-lstdc++,--end-group -Wl,--start-group,-lxilffs,-lxil,-lgcc,-lc,--end-group
'Finished building target: lenet_cnn_demo.elf'
' '
'Invoking: ARM v7 Print Size'
arm-none-eabi-size lenet_cnn_demo.elf  |tee "lenet_cnn_demo.elf.size"
   text	   data	    bss	    dec	    hex	filename
 804699	   2872	75218784	76026355	48811f3	lenet_cnn_demo.elf
'Finished building: lenet_cnn_demo.elf.size'
' '

01:55:33 Build Finished (took 13s.790ms)

