

================================================================
== Vivado HLS Report for 'copy_w5'
================================================================
* Date:           Wed Nov  7 23:47:57 2018

* Version:        2017.2 (Build 1909853 on Thu Jun 15 18:55:24 MDT 2017)
* Project:        lenet
* Solution:       lenet_accelerator
* Product family: zynq
* Target device:  xc7z020clg484-1


================================================================
== Performance Estimates
================================================================
+ Timing (ns): 
    * Summary: 
    +--------+-------+----------+------------+
    |  Clock | Target| Estimated| Uncertainty|
    +--------+-------+----------+------------+
    |ap_clk  |  10.00|      8.75|        1.25|
    +--------+-------+----------+------------+

+ Latency (clock cycles): 
    * Summary: 
    +--------+--------+--------+--------+---------+
    |     Latency     |     Interval    | Pipeline|
    |   min  |   max  |   min  |   max  |   Type  |
    +--------+--------+--------+--------+---------+
    |  186481|  186481|  186481|  186481|   none  |
    +--------+--------+--------+--------+---------+

    + Detail: 
        * Instance: 
        N/A

        * Loop: 
        +---------------------+--------+--------+----------+-----------+-----------+------+----------+
        |                     |     Latency     | Iteration|  Initiation Interval  | Trip |          |
        |      Loop Name      |   min  |   max  |  Latency |  achieved |   target  | Count| Pipelined|
        +---------------------+--------+--------+----------+-----------+-----------+------+----------+
        |- Loop 1             |  186480|  186480|      1554|          -|          -|   120|    no    |
        | + Loop 1.1          |    1552|    1552|        97|          -|          -|    16|    no    |
        |  ++ Loop 1.1.1      |      95|      95|        19|          -|          -|     5|    no    |
        |   +++ Loop 1.1.1.1  |      10|      10|         2|          -|          -|     5|    no    |
        +---------------------+--------+--------+----------+-----------+-----------+------+----------+



================================================================
== Utilization Estimates
================================================================
* Summary: 
+-----------------+---------+-------+--------+-------+
|       Name      | BRAM_18K| DSP48E|   FF   |  LUT  |
+-----------------+---------+-------+--------+-------+
|DSP              |        -|      -|       -|      -|
|Expression       |        -|      -|     620|    253|
|FIFO             |        -|      -|       -|      -|
|Instance         |        -|      -|       -|      -|
|Memory           |        -|      -|       -|      -|
|Multiplexer      |        -|      -|       -|    128|
|Register         |        -|      -|     231|      -|
+-----------------+---------+-------+--------+-------+
|Total            |        0|      0|     851|    381|
+-----------------+---------+-------+--------+-------+
|Available        |      280|    220|  106400|  53200|
+-----------------+---------+-------+--------+-------+
|Utilization (%)  |        0|      0|   ~0   |   ~0  |
+-----------------+---------+-------+--------+-------+

+ Detail: 
    * Instance: 
    N/A

    * DSP48: 
    N/A

    * Memory: 
    N/A

    * FIFO: 
    N/A

    * Expression: 
    +---------------------+----------+-------+-----+----+------------+------------+
    |    Variable Name    | Operation| DSP48E|  FF | LUT| Bitwidth P0| Bitwidth P1|
    +---------------------+----------+-------+-----+----+------------+------------+
    |i_9_fu_161_p2        |     +    |      0|   26|  12|           7|           1|
    |j_7_fu_204_p2        |     +    |      0|   20|  10|           5|           1|
    |k_4_fu_237_p2        |     +    |      0|   14|   9|           1|           3|
    |l_1_fu_270_p2        |     +    |      0|   14|   9|           3|           1|
    |tmp_124_fu_192_p2    |     +    |      0|  101|  37|          32|          32|
    |tmp_125_fu_214_p2    |     +    |      0|  101|  37|          32|          32|
    |tmp_127_fu_225_p2    |     +    |      0|  101|  37|          32|          32|
    |tmp_128_fu_243_p2    |     +    |      0|  101|  37|          32|          32|
    |tmp_129_fu_258_p2    |     +    |      0|  101|  37|          32|          32|
    |tmp_s_fu_171_p2      |     +    |      0|   41|  17|          12|          12|
    |ap_block_state12     |    and   |      0|    0|   2|           1|           1|
    |exitcond1_fu_231_p2  |   icmp   |      0|    0|   1|           3|           3|
    |exitcond2_fu_198_p2  |   icmp   |      0|    0|   3|           5|           6|
    |exitcond3_fu_155_p2  |   icmp   |      0|    0|   4|           7|           5|
    |exitcond_fu_264_p2   |   icmp   |      0|    0|   1|           3|           3|
    +---------------------+----------+-------+-----+----+------------+------------+
    |Total                |          |      0|  620| 253|         207|         196|
    +---------------------+----------+-------+-----+----+------------+------------+

    * Multiplexer: 
    +-----------------------------------+----+-----------+-----+-----------+
    |                Name               | LUT| Input Size| Bits| Total Bits|
    +-----------------------------------+----+-----------+-----+-----------+
    |ap_NS_fsm                          |  65|         14|    1|         14|
    |ap_sig_ioackin_m_axi_in_r_ARREADY  |   9|          2|    1|          2|
    |i_reg_95                           |   9|          2|    7|         14|
    |in_r_blk_n_AR                      |   9|          2|    1|          2|
    |in_r_blk_n_R                       |   9|          2|    1|          2|
    |j_reg_106                          |   9|          2|    5|         10|
    |k_reg_117                          |   9|          2|    3|          6|
    |l_reg_128                          |   9|          2|    3|          6|
    +-----------------------------------+----+-----------+-----+-----------+
    |Total                              | 128|         28|   22|         56|
    +-----------------------------------+----+-----------+-----+-----------+

    * Register: 
    +-----------------------------------+----+----+-----+-----------+
    |                Name               | FF | LUT| Bits| Const Bits|
    +-----------------------------------+----+----+-----+-----------+
    |ap_CS_fsm                          |  13|   0|   13|          0|
    |ap_reg_ioackin_m_axi_in_r_ARREADY  |   1|   0|    1|          0|
    |c5_w_i11_cast_reg_276              |  30|   0|   32|          2|
    |i_9_reg_289                        |   7|   0|    7|          0|
    |i_reg_95                           |   7|   0|    7|          0|
    |in_addr_read_reg_344               |  32|   0|   32|          0|
    |j_7_reg_302                        |   5|   0|    5|          0|
    |j_reg_106                          |   5|   0|    5|          0|
    |k_4_reg_315                        |   3|   0|    3|          0|
    |k_reg_117                          |   3|   0|    3|          0|
    |l_1_reg_339                        |   3|   0|    3|          0|
    |l_reg_128                          |   3|   0|    3|          0|
    |out_addr_reg_331                   |  16|   0|   16|          0|
    |tmp_124_reg_294                    |  32|   0|   32|          0|
    |tmp_125_cast_reg_281               |   7|   0|   12|          5|
    |tmp_127_reg_307                    |  32|   0|   32|          0|
    |tmp_128_reg_320                    |  32|   0|   32|          0|
    +-----------------------------------+----+----+-----+-----------+
    |Total                              | 231|   0|  238|          7|
    +-----------------------------------+----+----+-----+-----------+



================================================================
== Interface
================================================================
* Summary: 
+---------------------+-----+-----+------------+--------------+--------------+
|      RTL Ports      | Dir | Bits|  Protocol  | Source Object|    C Type    |
+---------------------+-----+-----+------------+--------------+--------------+
|ap_clk               |  in |    1| ap_ctrl_hs |    copy_w5   | return value |
|ap_rst               |  in |    1| ap_ctrl_hs |    copy_w5   | return value |
|ap_start             |  in |    1| ap_ctrl_hs |    copy_w5   | return value |
|ap_done              | out |    1| ap_ctrl_hs |    copy_w5   | return value |
|ap_idle              | out |    1| ap_ctrl_hs |    copy_w5   | return value |
|ap_ready             | out |    1| ap_ctrl_hs |    copy_w5   | return value |
|m_axi_in_r_AWVALID   | out |    1|    m_axi   |     in_r     |    pointer   |
|m_axi_in_r_AWREADY   |  in |    1|    m_axi   |     in_r     |    pointer   |
|m_axi_in_r_AWADDR    | out |   32|    m_axi   |     in_r     |    pointer   |
|m_axi_in_r_AWID      | out |    1|    m_axi   |     in_r     |    pointer   |
|m_axi_in_r_AWLEN     | out |   32|    m_axi   |     in_r     |    pointer   |
|m_axi_in_r_AWSIZE    | out |    3|    m_axi   |     in_r     |    pointer   |
|m_axi_in_r_AWBURST   | out |    2|    m_axi   |     in_r     |    pointer   |
|m_axi_in_r_AWLOCK    | out |    2|    m_axi   |     in_r     |    pointer   |
|m_axi_in_r_AWCACHE   | out |    4|    m_axi   |     in_r     |    pointer   |
|m_axi_in_r_AWPROT    | out |    3|    m_axi   |     in_r     |    pointer   |
|m_axi_in_r_AWQOS     | out |    4|    m_axi   |     in_r     |    pointer   |
|m_axi_in_r_AWREGION  | out |    4|    m_axi   |     in_r     |    pointer   |
|m_axi_in_r_AWUSER    | out |    1|    m_axi   |     in_r     |    pointer   |
|m_axi_in_r_WVALID    | out |    1|    m_axi   |     in_r     |    pointer   |
|m_axi_in_r_WREADY    |  in |    1|    m_axi   |     in_r     |    pointer   |
|m_axi_in_r_WDATA     | out |   32|    m_axi   |     in_r     |    pointer   |
|m_axi_in_r_WSTRB     | out |    4|    m_axi   |     in_r     |    pointer   |
|m_axi_in_r_WLAST     | out |    1|    m_axi   |     in_r     |    pointer   |
|m_axi_in_r_WID       | out |    1|    m_axi   |     in_r     |    pointer   |
|m_axi_in_r_WUSER     | out |    1|    m_axi   |     in_r     |    pointer   |
|m_axi_in_r_ARVALID   | out |    1|    m_axi   |     in_r     |    pointer   |
|m_axi_in_r_ARREADY   |  in |    1|    m_axi   |     in_r     |    pointer   |
|m_axi_in_r_ARADDR    | out |   32|    m_axi   |     in_r     |    pointer   |
|m_axi_in_r_ARID      | out |    1|    m_axi   |     in_r     |    pointer   |
|m_axi_in_r_ARLEN     | out |   32|    m_axi   |     in_r     |    pointer   |
|m_axi_in_r_ARSIZE    | out |    3|    m_axi   |     in_r     |    pointer   |
|m_axi_in_r_ARBURST   | out |    2|    m_axi   |     in_r     |    pointer   |
|m_axi_in_r_ARLOCK    | out |    2|    m_axi   |     in_r     |    pointer   |
|m_axi_in_r_ARCACHE   | out |    4|    m_axi   |     in_r     |    pointer   |
|m_axi_in_r_ARPROT    | out |    3|    m_axi   |     in_r     |    pointer   |
|m_axi_in_r_ARQOS     | out |    4|    m_axi   |     in_r     |    pointer   |
|m_axi_in_r_ARREGION  | out |    4|    m_axi   |     in_r     |    pointer   |
|m_axi_in_r_ARUSER    | out |    1|    m_axi   |     in_r     |    pointer   |
|m_axi_in_r_RVALID    |  in |    1|    m_axi   |     in_r     |    pointer   |
|m_axi_in_r_RREADY    | out |    1|    m_axi   |     in_r     |    pointer   |
|m_axi_in_r_RDATA     |  in |   32|    m_axi   |     in_r     |    pointer   |
|m_axi_in_r_RLAST     |  in |    1|    m_axi   |     in_r     |    pointer   |
|m_axi_in_r_RID       |  in |    1|    m_axi   |     in_r     |    pointer   |
|m_axi_in_r_RUSER     |  in |    1|    m_axi   |     in_r     |    pointer   |
|m_axi_in_r_RRESP     |  in |    2|    m_axi   |     in_r     |    pointer   |
|m_axi_in_r_BVALID    |  in |    1|    m_axi   |     in_r     |    pointer   |
|m_axi_in_r_BREADY    | out |    1|    m_axi   |     in_r     |    pointer   |
|m_axi_in_r_BRESP     |  in |    2|    m_axi   |     in_r     |    pointer   |
|m_axi_in_r_BID       |  in |    1|    m_axi   |     in_r     |    pointer   |
|m_axi_in_r_BUSER     |  in |    1|    m_axi   |     in_r     |    pointer   |
|c5_w_i11             |  in |   30|   ap_none  |   c5_w_i11   |    scalar    |
|out_r_address0       | out |   16|  ap_memory |     out_r    |     array    |
|out_r_ce0            | out |    1|  ap_memory |     out_r    |     array    |
|out_r_we0            | out |    1|  ap_memory |     out_r    |     array    |
|out_r_d0             | out |   32|  ap_memory |     out_r    |     array    |
+---------------------+-----+-----+------------+--------------+--------------+

