

================================================================
== Vivado HLS Report for 'lenet_wrapper'
================================================================
* Date:           Wed Nov  7 23:48:01 2018

* Version:        2017.2 (Build 1909853 on Thu Jun 15 18:55:24 MDT 2017)
* Project:        lenet
* Solution:       lenet_accelerator
* Product family: zynq
* Target device:  xc7z020clg484-1


================================================================
== Performance Estimates
================================================================
+ Timing (ns): 
    * Summary: 
    +--------+-------+----------+------------+
    |  Clock | Target| Estimated| Uncertainty|
    +--------+-------+----------+------------+
    |ap_clk  |  10.00|      8.75|        1.25|
    +--------+-------+----------+------------+

+ Latency (clock cycles): 
    * Summary: 
    +-----+-----+-----+-----+---------+
    |  Latency  |  Interval | Pipeline|
    | min | max | min | max |   Type  |
    +-----+-----+-----+-----+---------+
    |    ?|    ?|    ?|    ?|   none  |
    +-----+-----+-----+-----+---------+

    + Detail: 
        * Instance: 
        +--------------------------+--------------+--------+--------+--------+--------+---------+
        |                          |              |     Latency     |     Interval    | Pipeline|
        |         Instance         |    Module    |   min  |   max  |   min  |   max  |   Type  |
        +--------------------------+--------------+--------+--------+--------+--------+---------+
        |grp_convolution3_fu_1213  |convolution3  |       ?|       ?|       ?|       ?|   none  |
        |grp_convolution1_fu_1223  |convolution1  |       ?|       ?|       ?|       ?|   none  |
        |grp_convolution5_fu_1232  |convolution5  |  587281|  587281|  587281|  587281|   none  |
        |grp_max_pooling2_fu_1242  |max_pooling2  |       ?|       ?|       ?|       ?|   none  |
        |grp_max_pooling4_fu_1250  |max_pooling4  |       ?|       ?|       ?|       ?|   none  |
        |grp_copy_w5_fu_1258       |copy_w5       |  186481|  186481|  186481|  186481|   none  |
        |grp_copy_w3_fu_1266       |copy_w3       |    9345|    9345|    9345|    9345|   none  |
        |grp_copy_w1_fu_1274       |copy_w1       |     583|     583|     583|     583|   none  |
        |grp_copy_i_fu_1282        |copy_i        |   10305|   10305|   10305|   10305|   none  |
        |grp_copy_b5_fu_1290       |copy_b5       |     247|     247|     247|     247|   none  |
        |grp_copy_b3_fu_1298       |copy_b3       |      39|      39|      39|      39|   none  |
        |grp_copy_b1_fu_1306       |copy_b1       |      19|      19|      19|      19|   none  |
        |grp_copy_out_fu_1314      |copy_out      |      35|      35|      35|      35|   none  |
        +--------------------------+--------------+--------+--------+--------+--------+---------+

        * Loop: 
        +--------------------+-------+-------+----------+-----------+-----------+------+----------+
        |                    |    Latency    | Iteration|  Initiation Interval  | Trip |          |
        |      Loop Name     |  min  |  max  |  Latency |  achieved |   target  | Count| Pipelined|
        +--------------------+-------+-------+----------+-----------+-----------+------+----------+
        |- memset_image_in   |   1055|   1055|        33|          -|          -|    32|    no    |
        | + memset_image_in  |     31|     31|         1|          -|          -|    32|    no    |
        |- memset_c1_w       |    185|    185|        31|          -|          -|     6|    no    |
        | + memset_c1_w      |     29|     29|         6|          -|          -|     5|    no    |
        |  ++ memset_c1_w    |      4|      4|         1|          -|          -|     5|    no    |
        |- memset_c1_b       |      5|      5|         1|          -|          -|     6|    no    |
        |- memset_c3_w       |   2991|   2991|       187|          -|          -|    16|    no    |
        | + memset_c3_w      |    185|    185|        31|          -|          -|     6|    no    |
        |  ++ memset_c3_w    |     29|     29|         6|          -|          -|     5|    no    |
        |   +++ memset_c3_w  |      4|      4|         1|          -|          -|     5|    no    |
        |- memset_c3_b       |     15|     15|         1|          -|          -|    16|    no    |
        |- memset_c5_w       |  59639|  59639|       497|          -|          -|   120|    no    |
        | + memset_c5_w      |    495|    495|        31|          -|          -|    16|    no    |
        |  ++ memset_c5_w    |     29|     29|         6|          -|          -|     5|    no    |
        |   +++ memset_c5_w  |      4|      4|         1|          -|          -|     5|    no    |
        |- memset_c5_b       |    119|    119|         1|          -|          -|   120|    no    |
        |- memset_fc6_w      |   1209|   1209|       121|          -|          -|    10|    no    |
        | + memset_fc6_w     |    119|    119|         1|          -|          -|   120|    no    |
        |- memset_fc6_b      |      9|      9|         1|          -|          -|    10|    no    |
        |- Loop 10           |   5040|   5040|        42|          -|          -|   120|    no    |
        | + Loop 10.1        |     40|     40|         4|          -|          -|    10|    no    |
        |  ++ Loop 10.1.1    |      2|      2|         2|          -|          -|     1|    no    |
        |- Loop 11           |     20|     20|         2|          -|          -|    10|    no    |
        |- Loop 12           |  19164|  19164|      3194|          -|          -|     6|    no    |
        | + Loop 12.1        |   3192|   3192|       114|          -|          -|    28|    no    |
        |  ++ Loop 12.1.1    |    112|    112|         4|          -|          -|    28|    no    |
        |- Loop 13           |   4884|   4884|       814|          -|          -|     6|    no    |
        | + Loop 13.1        |    812|    812|        58|          -|          -|    14|    no    |
        |  ++ Loop 13.1.1    |     56|     56|         4|          -|          -|    14|    no    |
        |- Loop 14           |   6752|   6752|       422|          -|          -|    16|    no    |
        | + Loop 14.1        |    420|    420|        42|          -|          -|    10|    no    |
        |  ++ Loop 14.1.1    |     40|     40|         4|          -|          -|    10|    no    |
        |- Loop 15           |   1792|   1792|       112|          -|          -|    16|    no    |
        | + Loop 15.1        |    110|    110|        22|          -|          -|     5|    no    |
        |  ++ Loop 15.1.1    |     20|     20|         4|          -|          -|     5|    no    |
        |- Loop 16           |    480|    480|         4|          -|          -|   120|    no    |
        |- Loop 17           |  13290|  13290|      1329|          -|          -|    10|    no    |
        | + Loop 17.1        |   1320|   1320|        11|          -|          -|   120|    no    |
        +--------------------+-------+-------+----------+-----------+-----------+------+----------+



================================================================
== Utilization Estimates
================================================================
* Summary: 
+-----------------+---------+-------+--------+-------+
|       Name      | BRAM_18K| DSP48E|   FF   |  LUT  |
+-----------------+---------+-------+--------+-------+
|DSP              |        -|      -|       -|      -|
|Expression       |        -|      -|    2599|   1494|
|FIFO             |        -|      -|       -|      -|
|Instance         |       20|     20|   15319|  14375|
|Memory           |      196|      -|     256|     21|
|Multiplexer      |        -|      -|       -|   2028|
|Register         |        -|      -|    1435|      -|
+-----------------+---------+-------+--------+-------+
|Total            |      216|     20|   19609|  17918|
+-----------------+---------+-------+--------+-------+
|Available        |      280|    220|  106400|  53200|
+-----------------+---------+-------+--------+-------+
|Utilization (%)  |       77|      9|      18|     33|
+-----------------+---------+-------+--------+-------+

+ Detail: 
    * Instance: 
    +---------------------------------------+-------------------------------------+---------+-------+------+------+
    |                Instance               |                Module               | BRAM_18K| DSP48E|  FF  |  LUT |
    +---------------------------------------+-------------------------------------+---------+-------+------+------+
    |grp_convolution1_fu_1223               |convolution1                         |        0|      5|  1819|  1331|
    |grp_convolution3_fu_1213               |convolution3                         |        0|      5|  1830|  1405|
    |grp_convolution5_fu_1232               |convolution5                         |        0|      5|   846|  1063|
    |grp_copy_b1_fu_1306                    |copy_b1                              |        0|      0|    65|   103|
    |grp_copy_b3_fu_1298                    |copy_b3                              |        0|      0|    77|   106|
    |grp_copy_b5_fu_1290                    |copy_b5                              |        0|      0|    89|   109|
    |grp_copy_i_fu_1282                     |copy_i                               |        0|      0|   301|   193|
    |grp_copy_out_fu_1314                   |copy_out                             |        0|      0|    67|   115|
    |grp_copy_w1_fu_1274                    |copy_w1                              |        0|      0|   562|   284|
    |grp_copy_w3_fu_1266                    |copy_w3                              |        0|      0|   855|   387|
    |grp_copy_w5_fu_1258                    |copy_w5                              |        0|      0|   851|   381|
    |lenet_wrapper_AXILiteS_s_axi_U         |lenet_wrapper_AXILiteS_s_axi         |        0|      0|   410|   680|
    |lenet_wrapper_DATA_C1_B_I_m_axi_U      |lenet_wrapper_DATA_C1_B_I_m_axi      |        2|      0|   512|   580|
    |lenet_wrapper_DATA_C1_W_I_m_axi_U      |lenet_wrapper_DATA_C1_W_I_m_axi      |        2|      0|   512|   580|
    |lenet_wrapper_DATA_C3_B_I_m_axi_U      |lenet_wrapper_DATA_C3_B_I_m_axi      |        2|      0|   512|   580|
    |lenet_wrapper_DATA_C3_W_I_m_axi_U      |lenet_wrapper_DATA_C3_W_I_m_axi      |        2|      0|   512|   580|
    |lenet_wrapper_DATA_DONE_m_axi_U        |lenet_wrapper_DATA_DONE_m_axi        |        2|      0|   512|   580|
    |lenet_wrapper_DATA_FC6_B_I_m_axi_U     |lenet_wrapper_DATA_FC6_B_I_m_axi     |        2|      0|   512|   580|
    |lenet_wrapper_DATA_FC6_O_O_m_axi_U     |lenet_wrapper_DATA_FC6_O_O_m_axi     |        2|      0|   512|   580|
    |lenet_wrapper_DATA_FC6_W_I_m_axi_U     |lenet_wrapper_DATA_FC6_W_I_m_axi     |        2|      0|   512|   580|
    |lenet_wrapper_DATA_IMAGE_IN_I_m_axi_U  |lenet_wrapper_DATA_IMAGE_IN_I_m_axi  |        2|      0|   512|   580|
    |lenet_wrapper_DATA_START_m_axi_U       |lenet_wrapper_DATA_START_m_axi       |        2|      0|   512|   580|
    |lenet_wrapper_fadbkb_x_U48             |lenet_wrapper_fadbkb                 |        0|      2|   205|   390|
    |lenet_wrapper_fcmdEe_x_U50             |lenet_wrapper_fcmdEe                 |        0|      0|    66|   239|
    |lenet_wrapper_fmucud_x_U49             |lenet_wrapper_fmucud                 |        0|      3|   143|   321|
    |grp_max_pooling2_fu_1242               |max_pooling2                         |        0|      0|  1038|   739|
    |grp_max_pooling4_fu_1250               |max_pooling4                         |        0|      0|   975|   729|
    +---------------------------------------+-------------------------------------+---------+-------+------+------+
    |Total                                  |                                     |       20|     20| 15319| 14375|
    +---------------------------------------+-------------------------------------+---------+-------+------+------+

    * DSP48: 
    N/A

    * Memory: 
    +--------------+----------------------+---------+----+----+-------+-----+------+-------------+
    |    Memory    |        Module        | BRAM_18K| FF | LUT| Words | Bits| Banks| W*Bits*Banks|
    +--------------+----------------------+---------+----+----+-------+-----+------+-------------+
    |c1_b_U        |lenet_wrapper_c1_b    |        0|  64|   3|      6|   32|     1|          192|
    |c1_o_1_U      |lenet_wrapper_c1_eOg  |       16|   0|   0|   4704|   32|     1|       150528|
    |c1_o_2_U      |lenet_wrapper_c1_eOg  |       16|   0|   0|   4704|   32|     1|       150528|
    |c1_w_0_U      |lenet_wrapper_c1_pcA  |        1|   0|   0|    150|   32|     1|         4800|
    |c3_b_U        |lenet_wrapper_c3_b    |        0|  64|   8|     16|   32|     1|          512|
    |c3_o_1_U      |lenet_wrapper_c3_ibs  |        4|   0|   0|   1600|   32|     1|        51200|
    |c3_o_2_U      |lenet_wrapper_c3_ibs  |        4|   0|   0|   1600|   32|     1|        51200|
    |c3_w_U        |lenet_wrapper_c3_w    |        8|   0|   0|   2400|   32|     1|        76800|
    |c5_b_U        |lenet_wrapper_c5_b    |        1|   0|   0|    120|   32|     1|         3840|
    |c5_o_1_0_0_U  |lenet_wrapper_c5_mb6  |        1|   0|   0|    120|   32|     1|         3840|
    |c5_o_2_0_0_U  |lenet_wrapper_c5_mb6  |        1|   0|   0|    120|   32|     1|         3840|
    |c5_w_U        |lenet_wrapper_c5_w    |      128|   0|   0|  48000|   32|     1|      1536000|
    |fc6_b_U       |lenet_wrapper_fc6_b   |        0|  64|   5|     10|   32|     1|          320|
    |fc6_o_U       |lenet_wrapper_fc6_o   |        0|  64|   5|     10|   32|     1|          320|
    |fc6_w_0_0_U   |lenet_wrapper_fc6qcK  |        4|   0|   0|   1200|   32|     1|        38400|
    |image_in_0_U  |lenet_wrapper_imaocq  |        2|   0|   0|   1024|   32|     1|        32768|
    |p2_o_1_U      |lenet_wrapper_p2_g8j  |        4|   0|   0|   1176|   32|     1|        37632|
    |p2_o_2_U      |lenet_wrapper_p2_g8j  |        4|   0|   0|   1176|   32|     1|        37632|
    |p4_o_1_U      |lenet_wrapper_p4_kbM  |        1|   0|   0|    400|   32|     1|        12800|
    |p4_o_2_U      |lenet_wrapper_p4_kbM  |        1|   0|   0|    400|   32|     1|        12800|
    +--------------+----------------------+---------+----+----+-------+-----+------+-------------+
    |Total         |                      |      196| 256|  21|  68936|  640|    20|      2205952|
    +--------------+----------------------+---------+----+----+-------+-----+------+-------------+

    * FIFO: 
    N/A

    * Expression: 
    +----------------------------------+----------+-------+-----+----+------------+------------+
    |           Variable Name          | Operation| DSP48E|  FF | LUT| Bitwidth P0| Bitwidth P1|
    +----------------------------------+----------+-------+-----+----+------------+------------+
    |c_fu_2919_p2                      |     +    |      0|   26|  12|           7|           1|
    |i_3_fu_2063_p2                    |     +    |      0|   26|  12|           1|           7|
    |i_4_fu_2166_p2                    |     +    |      0|   14|   9|           3|           1|
    |i_5_fu_2338_p2                    |     +    |      0|   14|   9|           3|           1|
    |i_6_fu_2506_p2                    |     +    |      0|   20|  10|           5|           1|
    |i_7_fu_2793_p2                    |     +    |      0|   26|  12|           7|           1|
    |i_8_fu_2662_p2                    |     +    |      0|   20|  10|           5|           1|
    |i_fu_2120_p2                      |     +    |      0|   17|   9|           4|           1|
    |indvarinc10_fu_1783_p2            |     +    |      0|   17|   9|           4|           1|
    |indvarinc11_fu_1795_p2            |     +    |      0|   26|  12|           7|           1|
    |indvarinc12_fu_1833_p2            |     +    |      0|   17|   9|           4|           1|
    |indvarinc13_fu_1870_p2            |     +    |      0|   14|   9|           1|           3|
    |indvarinc14_fu_1890_p2            |     +    |      0|   14|   9|           3|           1|
    |indvarinc15_fu_1925_p2            |     +    |      0|   26|  12|           7|           1|
    |indvarinc16_fu_1967_p2            |     +    |      0|   17|   9|           4|           1|
    |indvarinc17_fu_1987_p2            |     +    |      0|   26|  12|           7|           1|
    |indvarinc18_fu_2010_p2            |     +    |      0|   17|   9|           4|           1|
    |indvarinc1_fu_1536_p2             |     +    |      0|   14|   9|           3|           1|
    |indvarinc2_fu_1748_p2             |     +    |      0|   14|   9|           3|           1|
    |indvarinc3_fu_1573_p2             |     +    |      0|   14|   9|           1|           3|
    |indvarinc4_fu_1477_p2             |     +    |      0|   20|  10|           5|           1|
    |indvarinc5_fu_1593_p2             |     +    |      0|   14|   9|           3|           1|
    |indvarinc6_fu_1622_p2             |     +    |      0|   14|   9|           3|           1|
    |indvarinc7_fu_1664_p2             |     +    |      0|   17|   9|           4|           1|
    |indvarinc8_fu_1496_p2             |     +    |      0|   20|  10|           5|           1|
    |indvarinc9_fu_1691_p2             |     +    |      0|   14|   9|           1|           3|
    |indvarinc_fu_1728_p2              |     +    |      0|   14|   9|           1|           3|
    |j_3_fu_2217_p2                    |     +    |      0|   20|  10|           1|           5|
    |j_4_fu_2389_p2                    |     +    |      0|   17|   9|           1|           4|
    |j_5_fu_2553_p2                    |     +    |      0|   17|   9|           4|           1|
    |j_6_fu_2701_p2                    |     +    |      0|   14|   9|           3|           1|
    |j_fu_2089_p2                      |     +    |      0|   17|   9|           4|           1|
    |k_1_fu_2416_p2                    |     +    |      0|   17|   9|           4|           1|
    |k_2_fu_2580_p2                    |     +    |      0|   17|   9|           4|           1|
    |k_3_fu_2728_p2                    |     +    |      0|   14|   9|           3|           1|
    |k_fu_2244_p2                      |     +    |      0|   20|  10|           5|           1|
    |n_fu_2888_p2                      |     +    |      0|   17|   9|           4|           1|
    |tmp_100_fu_2348_p2                |     +    |      0|   32|  14|           9|           9|
    |tmp_104_fu_2227_p2                |     +    |      0|   47|  19|          14|          14|
    |tmp_107_fu_2650_p2                |     +    |      0|   29|  13|           8|           8|
    |tmp_108_fu_2516_p2                |     +    |      0|   32|  14|           9|           9|
    |tmp_110_fu_2541_p2                |     +    |      0|   41|  17|          12|          12|
    |tmp_111_fu_2399_p2                |     +    |      0|   41|  17|          12|          12|
    |tmp_113_fu_2672_p2                |     +    |      0|   29|  13|           8|           8|
    |tmp_114_fu_2689_p2                |     +    |      0|   35|  15|          10|          10|
    |tmp_115_fu_2563_p2                |     +    |      0|   41|  17|          12|          12|
    |tmp_121_fu_2711_p2                |     +    |      0|   35|  15|          10|          10|
    |tmp_123_fu_2903_p2                |     +    |      0|   41|  17|          12|          12|
    |tmp_52_fu_1530_p2                 |     +    |      0|  101|  37|          32|          32|
    |tmp_53_fu_1546_p2                 |     +    |      0|  101|  37|          32|          32|
    |tmp_56_fu_1567_p2                 |     +    |      0|   32|  14|           9|           9|
    |tmp_57_fu_1583_p2                 |     +    |      0|   32|  14|           9|           9|
    |tmp_61_fu_1674_p2                 |     +    |      0|  101|  37|          32|          32|
    |tmp_63_fu_1685_p2                 |     +    |      0|  101|  37|          32|          32|
    |tmp_64_fu_1701_p2                 |     +    |      0|  101|  37|          32|          32|
    |tmp_67_fu_1722_p2                 |     +    |      0|   44|  18|          13|          13|
    |tmp_68_fu_1738_p2                 |     +    |      0|   44|  18|          13|          13|
    |tmp_72_fu_1827_p2                 |     +    |      0|  101|  37|          32|          32|
    |tmp_73_fu_1843_p2                 |     +    |      0|  101|  37|          32|          32|
    |tmp_76_fu_1864_p2                 |     +    |      0|   56|  22|          17|          17|
    |tmp_77_fu_1880_p2                 |     +    |      0|   56|  22|          17|          17|
    |tmp_81_fu_1977_p2                 |     +    |      0|   41|  17|          12|          12|
    |tmp_85_fu_2073_p2                 |     +    |      0|   41|  17|          12|          12|
    |tmp_89_fu_2099_p2                 |     +    |      0|   41|  17|          12|          12|
    |tmp_93_fu_2176_p2                 |     +    |      0|   35|  15|          10|          10|
    |tmp_99_fu_2494_p2                 |     +    |      0|   32|  14|           9|           9|
    |tmp_103_fu_2377_p2                |     -    |      0|   41|  17|          12|          12|
    |tmp_120_fu_2876_p2                |     -    |      0|   41|  17|          12|          12|
    |tmp_60_fu_1658_p2                 |     -    |      0|  101|  37|          32|          32|
    |tmp_80_fu_1961_p2                 |     -    |      0|   41|  17|          12|          12|
    |tmp_84_fu_2051_p2                 |     -    |      0|   41|  17|          12|          12|
    |tmp_88_fu_2150_p2                 |     -    |      0|   32|  14|           9|           9|
    |tmp_92_fu_2322_p2                 |     -    |      0|   29|  13|           8|           8|
    |tmp_96_fu_2205_p2                 |     -    |      0|   47|  19|          14|          14|
    |ap_block_state20_io               |    and   |      0|    0|   2|           1|           1|
    |ap_block_state88_on_subcall_done  |    and   |      0|    0|   2|           1|           1|
    |tmp_25_fu_2285_p2                 |    and   |      0|    0|   2|           1|           1|
    |tmp_30_fu_2457_p2                 |    and   |      0|    0|   2|           1|           1|
    |tmp_35_fu_2834_p2                 |    and   |      0|    0|   2|           1|           1|
    |tmp_40_fu_2621_p2                 |    and   |      0|    0|   2|           1|           1|
    |tmp_45_fu_2769_p2                 |    and   |      0|    0|   2|           1|           1|
    |exitcond1_i1_fu_2383_p2           |   icmp   |      0|    0|   2|           4|           3|
    |exitcond1_i2_fu_2547_p2           |   icmp   |      0|    0|   2|           4|           4|
    |exitcond1_i3_fu_2695_p2           |   icmp   |      0|    0|   1|           3|           3|
    |exitcond1_i4_fu_2882_p2           |   icmp   |      0|    0|   2|           4|           4|
    |exitcond1_i_fu_2211_p2            |   icmp   |      0|    0|   2|           5|           4|
    |exitcond2_i1_fu_2160_p2           |   icmp   |      0|    0|   1|           3|           3|
    |exitcond2_i2_fu_2332_p2           |   icmp   |      0|    0|   1|           3|           3|
    |exitcond2_i3_fu_2500_p2           |   icmp   |      0|    0|   3|           5|           6|
    |exitcond2_i4_fu_2656_p2           |   icmp   |      0|    0|   3|           5|           6|
    |exitcond2_i_fu_2083_p2            |   icmp   |      0|    0|   2|           4|           4|
    |exitcond3_i_fu_2057_p2            |   icmp   |      0|    0|   4|           7|           5|
    |exitcond_i1_fu_2114_p2            |   icmp   |      0|    0|   2|           4|           4|
    |exitcond_i2_fu_2238_p2            |   icmp   |      0|    0|   2|           5|           4|
    |exitcond_i3_fu_2410_p2            |   icmp   |      0|    0|   2|           4|           3|
    |exitcond_i4_fu_2787_p2            |   icmp   |      0|    0|   4|           7|           5|
    |exitcond_i5_fu_2574_p2            |   icmp   |      0|    0|   2|           4|           4|
    |exitcond_i6_fu_2722_p2            |   icmp   |      0|    0|   1|           3|           3|
    |exitcond_i7_fu_2913_p2            |   icmp   |      0|    0|   4|           7|           5|
    |notlhs1_fu_2439_p2                |   icmp   |      0|    0|   4|           8|           2|
    |notlhs2_fu_2816_p2                |   icmp   |      0|    0|   4|           8|           2|
    |notlhs3_fu_2603_p2                |   icmp   |      0|    0|   4|           8|           2|
    |notlhs4_fu_2751_p2                |   icmp   |      0|    0|   4|           8|           2|
    |notlhs_fu_2267_p2                 |   icmp   |      0|    0|   4|           8|           2|
    |notrhs1_fu_2445_p2                |   icmp   |      0|    0|  13|          23|           1|
    |notrhs2_fu_2822_p2                |   icmp   |      0|    0|  13|          23|           1|
    |notrhs3_fu_2609_p2                |   icmp   |      0|    0|  13|          23|           1|
    |notrhs4_fu_2757_p2                |   icmp   |      0|    0|  13|          23|           1|
    |notrhs_fu_2273_p2                 |   icmp   |      0|    0|  13|          23|           1|
    |tmp_10_fu_1896_p2                 |   icmp   |      0|    0|   2|           3|           4|
    |tmp_11_fu_1902_p2                 |   icmp   |      0|    0|   2|           3|           4|
    |tmp_12_fu_1908_p2                 |   icmp   |      0|    0|   2|           4|           2|
    |tmp_13_fu_1914_p2                 |   icmp   |      0|    0|   4|           7|           5|
    |tmp_14_fu_1931_p2                 |   icmp   |      0|    0|   4|           7|           5|
    |tmp_15_fu_1993_p2                 |   icmp   |      0|    0|   4|           7|           5|
    |tmp_16_fu_1999_p2                 |   icmp   |      0|    0|   2|           4|           4|
    |tmp_17_fu_2016_p2                 |   icmp   |      0|    0|   2|           4|           4|
    |tmp_18_fu_2022_p2                 |   icmp   |      0|    0|  16|          32|           1|
    |tmp_1_fu_1628_p2                  |   icmp   |      0|    0|   1|           3|           3|
    |tmp_2_fu_1754_p2                  |   icmp   |      0|    0|   2|           3|           4|
    |tmp_3_fu_1760_p2                  |   icmp   |      0|    0|   2|           3|           4|
    |tmp_4_fu_1766_p2                  |   icmp   |      0|    0|   1|           3|           3|
    |tmp_5_fu_1772_p2                  |   icmp   |      0|    0|   2|           4|           2|
    |tmp_6_fu_1599_p2                  |   icmp   |      0|    0|   2|           3|           4|
    |tmp_7_fu_1605_p2                  |   icmp   |      0|    0|   2|           3|           4|
    |tmp_8_fu_1789_p2                  |   icmp   |      0|    0|   2|           4|           2|
    |tmp_9_fu_1611_p2                  |   icmp   |      0|    0|   1|           3|           3|
    |tmp_fu_1502_p2                    |   icmp   |      0|    0|   2|           5|           2|
    |tmp_s_fu_1508_p2                  |   icmp   |      0|    0|   2|           5|           2|
    |ap_block_state29_on_subcall_done  |    or    |      0|    0|   2|           1|           1|
    |tmp_23_fu_2279_p2                 |    or    |      0|    0|   2|           1|           1|
    |tmp_28_fu_2451_p2                 |    or    |      0|    0|   2|           1|           1|
    |tmp_33_fu_2828_p2                 |    or    |      0|    0|   2|           1|           1|
    |tmp_38_fu_2615_p2                 |    or    |      0|    0|   2|           1|           1|
    |tmp_43_fu_2763_p2                 |    or    |      0|    0|   2|           1|           1|
    |c1_o_2_d0                         |  select  |      0|    0|  32|           1|          32|
    |c3_o_2_d0                         |  select  |      0|    0|  32|           1|          32|
    |c5_o_2_0_0_d0                     |  select  |      0|    0|  32|           1|          32|
    |p2_o_2_d0                         |  select  |      0|    0|  32|           1|          32|
    |p4_o_2_d0                         |  select  |      0|    0|  32|           1|          32|
    +----------------------------------+----------+-------+-----+----+------------+------------+
    |Total                             |          |      0| 2599|1494|        1086|         970|
    +----------------------------------+----------+-------+-----+----+------------+------------+

    * Multiplexer: 
    +-----------------------------------+-----+-----------+-----+-----------+
    |                Name               | LUT | Input Size| Bits| Total Bits|
    +-----------------------------------+-----+-----------+-----+-----------+
    |DATA_C1_B_I_ARVALID                |    9|          2|    1|          2|
    |DATA_C1_B_I_RREADY                 |    9|          2|    1|          2|
    |DATA_C1_W_I_ARVALID                |    9|          2|    1|          2|
    |DATA_C1_W_I_RREADY                 |    9|          2|    1|          2|
    |DATA_C3_B_I_ARVALID                |    9|          2|    1|          2|
    |DATA_C3_B_I_RREADY                 |    9|          2|    1|          2|
    |DATA_C3_W_I_ARVALID                |    9|          2|    1|          2|
    |DATA_C3_W_I_RREADY                 |    9|          2|    1|          2|
    |DATA_DONE_blk_n_AW                 |    9|          2|    1|          2|
    |DATA_DONE_blk_n_B                  |    9|          2|    1|          2|
    |DATA_DONE_blk_n_W                  |    9|          2|    1|          2|
    |DATA_FC6_B_I_ARVALID               |    9|          2|    1|          2|
    |DATA_FC6_B_I_RREADY                |    9|          2|    1|          2|
    |DATA_FC6_O_O_AWVALID               |    9|          2|    1|          2|
    |DATA_FC6_O_O_BREADY                |    9|          2|    1|          2|
    |DATA_FC6_O_O_WVALID                |    9|          2|    1|          2|
    |DATA_FC6_W_I_ARVALID               |    9|          2|    1|          2|
    |DATA_FC6_W_I_RREADY                |    9|          2|    1|          2|
    |DATA_IMAGE_IN_I_ARVALID            |    9|          2|    1|          2|
    |DATA_IMAGE_IN_I_RREADY             |    9|          2|    1|          2|
    |DATA_START_blk_n_AR                |    9|          2|    1|          2|
    |DATA_START_blk_n_R                 |    9|          2|    1|          2|
    |ap_NS_fsm                          |  477|         95|    1|         95|
    |ap_sig_ioackin_DATA_DONE_AWREADY   |    9|          2|    1|          2|
    |ap_sig_ioackin_DATA_DONE_WREADY    |    9|          2|    1|          2|
    |ap_sig_ioackin_DATA_START_ARREADY  |    9|          2|    1|          2|
    |c1_b_address0                      |   21|          4|    3|         12|
    |c1_b_ce0                           |   21|          4|    1|          4|
    |c1_b_d0                            |   15|          3|   32|         96|
    |c1_b_we0                           |   15|          3|    1|          3|
    |c1_o_1_address0                    |   15|          3|   13|         39|
    |c1_o_1_ce0                         |   15|          3|    1|          3|
    |c1_o_1_we0                         |    9|          2|    1|          2|
    |c1_o_2_address0                    |   15|          3|   13|         39|
    |c1_o_2_ce0                         |   15|          3|    1|          3|
    |c1_w_0_address0                    |   21|          4|    8|         32|
    |c1_w_0_ce0                         |   21|          4|    1|          4|
    |c1_w_0_d0                          |   15|          3|   32|         96|
    |c1_w_0_we0                         |   15|          3|    1|          3|
    |c3_b_address0                      |   21|          4|    4|         16|
    |c3_b_ce0                           |   21|          4|    1|          4|
    |c3_b_d0                            |   15|          3|   32|         96|
    |c3_b_we0                           |   15|          3|    1|          3|
    |c3_o_1_address0                    |   15|          3|   11|         33|
    |c3_o_1_ce0                         |   15|          3|    1|          3|
    |c3_o_1_we0                         |    9|          2|    1|          2|
    |c3_o_2_address0                    |   15|          3|   11|         33|
    |c3_o_2_ce0                         |   15|          3|    1|          3|
    |c3_w_address0                      |   21|          4|   12|         48|
    |c3_w_ce0                           |   21|          4|    1|          4|
    |c3_w_d0                            |   15|          3|   32|         96|
    |c3_w_we0                           |   15|          3|    1|          3|
    |c5_b_address0                      |   21|          4|    7|         28|
    |c5_b_ce0                           |   21|          4|    1|          4|
    |c5_b_d0                            |   15|          3|   32|         96|
    |c5_b_we0                           |   15|          3|    1|          3|
    |c5_o_1_0_0_address0                |   15|          3|    7|         21|
    |c5_o_1_0_0_ce0                     |   15|          3|    1|          3|
    |c5_o_1_0_0_we0                     |    9|          2|    1|          2|
    |c5_o_2_0_0_address0                |   15|          3|    7|         21|
    |c5_w_address0                      |   21|          4|   16|         64|
    |c5_w_ce0                           |   21|          4|    1|          4|
    |c5_w_d0                            |   15|          3|   32|         96|
    |c5_w_we0                           |   15|          3|    1|          3|
    |c_i_reg_1202                       |    9|          2|    7|         14|
    |fc6_b_address0                     |   21|          4|    4|         16|
    |fc6_b_d0                           |   15|          3|   32|         96|
    |fc6_o_address0                     |   15|          3|    4|         12|
    |fc6_o_ce0                          |   15|          3|    1|          3|
    |fc6_w_0_0_address0                 |   21|          4|   11|         44|
    |fc6_w_0_0_d0                       |   15|          3|   32|         96|
    |grp_fu_1323_p1                     |   15|          3|   32|         96|
    |grp_fu_1332_p0                     |   33|          6|   32|        192|
    |i_i1_reg_1025                      |    9|          2|    4|          8|
    |i_i2_reg_1036                      |    9|          2|    3|          6|
    |i_i3_reg_1069                      |    9|          2|    3|          6|
    |i_i4_reg_1102                      |    9|          2|    5|         10|
    |i_i5_reg_1135                      |    9|          2|    5|         10|
    |i_i6_reg_1168                      |    9|          2|    7|         14|
    |i_i_reg_990                        |    9|          2|    7|         14|
    |image_in_0_address0                |   21|          4|   10|         40|
    |image_in_0_ce0                     |   21|          4|    1|          4|
    |image_in_0_d0                      |   15|          3|   32|         96|
    |image_in_0_we0                     |   15|          3|    1|          3|
    |invdar10_reg_887                   |    9|          2|    4|          8|
    |invdar11_reg_898                   |    9|          2|    7|         14|
    |invdar12_reg_910                   |    9|          2|    4|          8|
    |invdar13_reg_922                   |    9|          2|    3|          6|
    |invdar14_reg_934                   |    9|          2|    3|          6|
    |invdar15_reg_945                   |    9|          2|    7|         14|
    |invdar16_reg_956                   |    9|          2|    4|          8|
    |invdar17_reg_968                   |    9|          2|    7|         14|
    |invdar18_reg_979                   |    9|          2|    4|          8|
    |invdar1_reg_794                    |    9|          2|    3|          6|
    |invdar2_reg_876                    |    9|          2|    3|          6|
    |invdar3_reg_771                    |    9|          2|    5|         10|
    |invdar4_reg_806                    |    9|          2|    3|          6|
    |invdar5_reg_818                    |    9|          2|    3|          6|
    |invdar6_reg_829                    |    9|          2|    3|          6|
    |invdar7_reg_783                    |    9|          2|    5|         10|
    |invdar8_reg_840                    |    9|          2|    4|          8|
    |invdar9_reg_852                    |    9|          2|    3|          6|
    |invdar_reg_864                     |    9|          2|    3|          6|
    |j_i1_reg_1047                      |    9|          2|    5|         10|
    |j_i2_reg_1080                      |    9|          2|    4|          8|
    |j_i3_reg_1113                      |    9|          2|    4|          8|
    |j_i4_reg_1146                      |    9|          2|    3|          6|
    |j_i_reg_1001                       |    9|          2|    4|          8|
    |k_i1_reg_1091                      |    9|          2|    4|          8|
    |k_i2_reg_1124                      |    9|          2|    4|          8|
    |k_i3_reg_1157                      |    9|          2|    3|          6|
    |k_i_reg_1058                       |    9|          2|    5|         10|
    |n_i_reg_1179                       |    9|          2|    4|          8|
    |p2_o_1_address0                    |   15|          3|   11|         33|
    |p2_o_1_ce0                         |   15|          3|    1|          3|
    |p2_o_1_we0                         |    9|          2|    1|          2|
    |p2_o_2_address0                    |   15|          3|   11|         33|
    |p2_o_2_ce0                         |   15|          3|    1|          3|
    |p4_o_1_address0                    |   15|          3|    9|         27|
    |p4_o_1_ce0                         |   15|          3|    1|          3|
    |p4_o_1_we0                         |    9|          2|    1|          2|
    |p4_o_2_address0                    |   15|          3|    9|         27|
    |p4_o_2_ce0                         |   15|          3|    1|          3|
    |tmp_i_reg_1190                     |    9|          2|   32|         64|
    +-----------------------------------+-----+-----------+-----+-----------+
    |Total                              | 2028|        415|  779|       2386|
    +-----------------------------------+-----+-----------+-----+-----------+

    * Register: 
    +------------------------------------------+----+----+-----+-----------+
    |                   Name                   | FF | LUT| Bits| Const Bits|
    +------------------------------------------+----+----+-----+-----------+
    |DATA_DONE_addr_reg_2931                   |  30|   0|   32|          2|
    |DATA_START_addr_read_reg_3168             |  32|   0|   32|          0|
    |DATA_START_addr_reg_2925                  |  30|   0|   32|          2|
    |ap_CS_fsm                                 |  94|   0|   94|          0|
    |ap_reg_grp_convolution1_fu_1223_ap_start  |   1|   0|    1|          0|
    |ap_reg_grp_convolution3_fu_1213_ap_start  |   1|   0|    1|          0|
    |ap_reg_grp_convolution5_fu_1232_ap_start  |   1|   0|    1|          0|
    |ap_reg_grp_copy_b1_fu_1306_ap_start       |   1|   0|    1|          0|
    |ap_reg_grp_copy_b3_fu_1298_ap_start       |   1|   0|    1|          0|
    |ap_reg_grp_copy_b5_fu_1290_ap_start       |   1|   0|    1|          0|
    |ap_reg_grp_copy_i_fu_1282_ap_start        |   1|   0|    1|          0|
    |ap_reg_grp_copy_out_fu_1314_ap_start      |   1|   0|    1|          0|
    |ap_reg_grp_copy_w1_fu_1274_ap_start       |   1|   0|    1|          0|
    |ap_reg_grp_copy_w3_fu_1266_ap_start       |   1|   0|    1|          0|
    |ap_reg_grp_copy_w5_fu_1258_ap_start       |   1|   0|    1|          0|
    |ap_reg_grp_max_pooling2_fu_1242_ap_start  |   1|   0|    1|          0|
    |ap_reg_grp_max_pooling4_fu_1250_ap_start  |   1|   0|    1|          0|
    |ap_reg_ioackin_DATA_DONE_AWREADY          |   1|   0|    1|          0|
    |ap_reg_ioackin_DATA_DONE_WREADY           |   1|   0|    1|          0|
    |ap_reg_ioackin_DATA_START_ARREADY         |   1|   0|    1|          0|
    |c1_b_i5_reg_2961                          |  30|   0|   30|          0|
    |c1_o_1_load_reg_3275                      |  32|   0|   32|          0|
    |c1_o_2_addr_reg_3262                      |  13|   0|   13|          0|
    |c1_w_i3_reg_2966                          |  30|   0|   30|          0|
    |c3_b_i9_reg_2951                          |  30|   0|   30|          0|
    |c3_o_1_load_reg_3387                      |  32|   0|   32|          0|
    |c3_o_2_addr_reg_3369                      |  11|   0|   11|          0|
    |c3_w_i7_reg_2956                          |  30|   0|   30|          0|
    |c5_b_i1_reg_2941                          |  30|   0|   30|          0|
    |c5_o_1_0_0_load_reg_3473                  |  32|   0|   32|          0|
    |c5_o_2_0_0_load_reg_3536                  |  32|   0|   32|          0|
    |c5_w_i1_reg_2946                          |  30|   0|   30|          0|
    |c_i_reg_1202                              |   7|   0|    7|          0|
    |c_reg_3516                                |   7|   0|    7|          0|
    |fc6_b_load_reg_3551                       |  32|   0|   32|          0|
    |fc6_o_addr_reg_3503                       |   4|   0|    4|          0|
    |fc6_o_o1_reg_2936                         |  30|   0|   30|          0|
    |fc6_w_0_0_addr_1_reg_3195                 |  11|   0|   11|          0|
    |fc6_w_0_0_load_reg_3531                   |  32|   0|   32|          0|
    |i_3_reg_3185                              |   7|   0|    7|          0|
    |i_4_reg_3239                              |   3|   0|    3|          0|
    |i_5_reg_3295                              |   3|   0|    3|          0|
    |i_6_reg_3351                              |   5|   0|    5|          0|
    |i_7_reg_3463                              |   7|   0|    7|          0|
    |i_8_reg_3407                              |   5|   0|    5|          0|
    |i_i1_cast_reg_3213                        |   4|   0|   32|         28|
    |i_i1_reg_1025                             |   4|   0|    4|          0|
    |i_i2_reg_1036                             |   3|   0|    3|          0|
    |i_i3_reg_1069                             |   3|   0|    3|          0|
    |i_i4_reg_1102                             |   5|   0|    5|          0|
    |i_i5_reg_1135                             |   5|   0|    5|          0|
    |i_i6_cast3_reg_3455                       |   7|   0|   32|         25|
    |i_i6_reg_1168                             |   7|   0|    7|          0|
    |i_i_reg_990                               |   7|   0|    7|          0|
    |i_reg_3221                                |   4|   0|    4|          0|
    |image_in_i1_reg_2971                      |  30|   0|   30|          0|
    |indvarinc11_reg_3089                      |   7|   0|    7|          0|
    |indvarinc12_reg_3099                      |   4|   0|    4|          0|
    |indvarinc13_reg_3109                      |   3|   0|    3|          0|
    |indvarinc16_reg_3144                      |   4|   0|    4|          0|
    |indvarinc1_reg_2997                       |   3|   0|    3|          0|
    |indvarinc3_reg_3007                       |   3|   0|    3|          0|
    |indvarinc4_reg_2976                       |   5|   0|    5|          0|
    |indvarinc7_reg_3039                       |   4|   0|    4|          0|
    |indvarinc9_reg_3049                       |   3|   0|    3|          0|
    |indvarinc_reg_3059                        |   3|   0|    3|          0|
    |invdar10_reg_887                          |   4|   0|    4|          0|
    |invdar11_reg_898                          |   7|   0|    7|          0|
    |invdar12_reg_910                          |   4|   0|    4|          0|
    |invdar13_reg_922                          |   3|   0|    3|          0|
    |invdar14_reg_934                          |   3|   0|    3|          0|
    |invdar15_reg_945                          |   7|   0|    7|          0|
    |invdar16_reg_956                          |   4|   0|    4|          0|
    |invdar17_reg_968                          |   7|   0|    7|          0|
    |invdar18_reg_979                          |   4|   0|    4|          0|
    |invdar1_reg_794                           |   3|   0|    3|          0|
    |invdar2_reg_876                           |   3|   0|    3|          0|
    |invdar3_reg_771                           |   5|   0|    5|          0|
    |invdar4_reg_806                           |   3|   0|    3|          0|
    |invdar5_reg_818                           |   3|   0|    3|          0|
    |invdar6_reg_829                           |   3|   0|    3|          0|
    |invdar7_reg_783                           |   5|   0|    5|          0|
    |invdar8_reg_840                           |   4|   0|    4|          0|
    |invdar9_reg_852                           |   3|   0|    3|          0|
    |invdar_reg_864                            |   3|   0|    3|          0|
    |j_3_reg_3252                              |   5|   0|    5|          0|
    |j_4_reg_3308                              |   4|   0|    4|          0|
    |j_5_reg_3364                              |   4|   0|    4|          0|
    |j_6_reg_3420                              |   3|   0|    3|          0|
    |j_i1_reg_1047                             |   5|   0|    5|          0|
    |j_i2_reg_1080                             |   4|   0|    4|          0|
    |j_i3_reg_1113                             |   4|   0|    4|          0|
    |j_i4_reg_1146                             |   3|   0|    3|          0|
    |j_i_reg_1001                              |   4|   0|    4|          0|
    |j_reg_3203                                |   4|   0|    4|          0|
    |k_1_reg_3326                              |   4|   0|    4|          0|
    |k_2_reg_3382                              |   4|   0|    4|          0|
    |k_3_reg_3438                              |   3|   0|    3|          0|
    |k_i1_reg_1091                             |   4|   0|    4|          0|
    |k_i2_reg_1124                             |   4|   0|    4|          0|
    |k_i3_reg_1157                             |   3|   0|    3|          0|
    |k_i_reg_1058                              |   5|   0|    5|          0|
    |k_reg_3270                                |   5|   0|    5|          0|
    |l_i_reg_1012                              |   1|   0|    1|          0|
    |n_i_cast2_reg_3485                        |   4|   0|   32|         28|
    |n_i_reg_1179                              |   4|   0|    4|          0|
    |n_reg_3498                                |   4|   0|    4|          0|
    |p2_o_1_load_reg_3331                      |  32|   0|   32|          0|
    |p2_o_2_addr_reg_3313                      |  11|   0|   11|          0|
    |p4_o_1_load_reg_3443                      |  32|   0|   32|          0|
    |p4_o_2_addr_reg_3425                      |   9|   0|    9|          0|
    |tmp_103_reg_3300                          |  11|   0|   12|          1|
    |tmp_107_reg_3399                          |   8|   0|    8|          0|
    |tmp_110_reg_3356                          |  11|   0|   12|          1|
    |tmp_114_reg_3412                          |  10|   0|   10|          0|
    |tmp_120_reg_3490                          |   9|   0|   12|          3|
    |tmp_18_reg_3173                           |   1|   0|    1|          0|
    |tmp_19_i_reg_3541                         |  32|   0|   32|          0|
    |tmp_24_reg_3282                           |   1|   0|    1|          0|
    |tmp_29_reg_3338                           |   1|   0|    1|          0|
    |tmp_34_reg_3480                           |   1|   0|    1|          0|
    |tmp_39_reg_3394                           |   1|   0|    1|          0|
    |tmp_44_reg_3450                           |   1|   0|    1|          0|
    |tmp_52_reg_2992                           |  32|   0|   32|          0|
    |tmp_56_reg_3002                           |   9|   0|    9|          0|
    |tmp_60_reg_3034                           |  31|   0|   32|          1|
    |tmp_63_reg_3044                           |  32|   0|   32|          0|
    |tmp_67_reg_3054                           |  13|   0|   13|          0|
    |tmp_72_reg_3094                           |  32|   0|   32|          0|
    |tmp_76_reg_3104                           |  17|   0|   17|          0|
    |tmp_80_reg_3139                           |   9|   0|   12|          3|
    |tmp_84_reg_3177                           |   9|   0|   12|          3|
    |tmp_85_reg_3190                           |  12|   0|   12|          0|
    |tmp_92_cast_reg_3231                      |   8|   0|   10|          2|
    |tmp_96_cast_reg_3287                      |   8|   0|    9|          1|
    |tmp_96_reg_3244                           |  12|   0|   14|          2|
    |tmp_99_reg_3343                           |   8|   0|    9|          1|
    |tmp_i_66_reg_3556                         |  32|   0|   32|          0|
    |tmp_i_reg_1190                            |  32|   0|   32|          0|
    +------------------------------------------+----+----+-----+-----------+
    |Total                                     |1435|   0| 1538|        103|
    +------------------------------------------+----+----+-----+-----------+



================================================================
== Interface
================================================================
* Summary: 
+--------------------------------+-----+-----+------------+-----------------+--------------+
|            RTL Ports           | Dir | Bits|  Protocol  |  Source Object  |    C Type    |
+--------------------------------+-----+-----+------------+-----------------+--------------+
|s_axi_AXILiteS_AWVALID          |  in |    1|    s_axi   |     AXILiteS    |    scalar    |
|s_axi_AXILiteS_AWREADY          | out |    1|    s_axi   |     AXILiteS    |    scalar    |
|s_axi_AXILiteS_AWADDR           |  in |    7|    s_axi   |     AXILiteS    |    scalar    |
|s_axi_AXILiteS_WVALID           |  in |    1|    s_axi   |     AXILiteS    |    scalar    |
|s_axi_AXILiteS_WREADY           | out |    1|    s_axi   |     AXILiteS    |    scalar    |
|s_axi_AXILiteS_WDATA            |  in |   32|    s_axi   |     AXILiteS    |    scalar    |
|s_axi_AXILiteS_WSTRB            |  in |    4|    s_axi   |     AXILiteS    |    scalar    |
|s_axi_AXILiteS_ARVALID          |  in |    1|    s_axi   |     AXILiteS    |    scalar    |
|s_axi_AXILiteS_ARREADY          | out |    1|    s_axi   |     AXILiteS    |    scalar    |
|s_axi_AXILiteS_ARADDR           |  in |    7|    s_axi   |     AXILiteS    |    scalar    |
|s_axi_AXILiteS_RVALID           | out |    1|    s_axi   |     AXILiteS    |    scalar    |
|s_axi_AXILiteS_RREADY           |  in |    1|    s_axi   |     AXILiteS    |    scalar    |
|s_axi_AXILiteS_RDATA            | out |   32|    s_axi   |     AXILiteS    |    scalar    |
|s_axi_AXILiteS_RRESP            | out |    2|    s_axi   |     AXILiteS    |    scalar    |
|s_axi_AXILiteS_BVALID           | out |    1|    s_axi   |     AXILiteS    |    scalar    |
|s_axi_AXILiteS_BREADY           |  in |    1|    s_axi   |     AXILiteS    |    scalar    |
|s_axi_AXILiteS_BRESP            | out |    2|    s_axi   |     AXILiteS    |    scalar    |
|ap_clk                          |  in |    1| ap_ctrl_hs |  lenet_wrapper  | return value |
|ap_rst_n                        |  in |    1| ap_ctrl_hs |  lenet_wrapper  | return value |
|ap_start                        |  in |    1| ap_ctrl_hs |  lenet_wrapper  | return value |
|ap_done                         | out |    1| ap_ctrl_hs |  lenet_wrapper  | return value |
|ap_idle                         | out |    1| ap_ctrl_hs |  lenet_wrapper  | return value |
|ap_ready                        | out |    1| ap_ctrl_hs |  lenet_wrapper  | return value |
|m_axi_DATA_IMAGE_IN_I_AWVALID   | out |    1|    m_axi   | DATA_IMAGE_IN_I |    pointer   |
|m_axi_DATA_IMAGE_IN_I_AWREADY   |  in |    1|    m_axi   | DATA_IMAGE_IN_I |    pointer   |
|m_axi_DATA_IMAGE_IN_I_AWADDR    | out |   32|    m_axi   | DATA_IMAGE_IN_I |    pointer   |
|m_axi_DATA_IMAGE_IN_I_AWID      | out |    1|    m_axi   | DATA_IMAGE_IN_I |    pointer   |
|m_axi_DATA_IMAGE_IN_I_AWLEN     | out |    8|    m_axi   | DATA_IMAGE_IN_I |    pointer   |
|m_axi_DATA_IMAGE_IN_I_AWSIZE    | out |    3|    m_axi   | DATA_IMAGE_IN_I |    pointer   |
|m_axi_DATA_IMAGE_IN_I_AWBURST   | out |    2|    m_axi   | DATA_IMAGE_IN_I |    pointer   |
|m_axi_DATA_IMAGE_IN_I_AWLOCK    | out |    2|    m_axi   | DATA_IMAGE_IN_I |    pointer   |
|m_axi_DATA_IMAGE_IN_I_AWCACHE   | out |    4|    m_axi   | DATA_IMAGE_IN_I |    pointer   |
|m_axi_DATA_IMAGE_IN_I_AWPROT    | out |    3|    m_axi   | DATA_IMAGE_IN_I |    pointer   |
|m_axi_DATA_IMAGE_IN_I_AWQOS     | out |    4|    m_axi   | DATA_IMAGE_IN_I |    pointer   |
|m_axi_DATA_IMAGE_IN_I_AWREGION  | out |    4|    m_axi   | DATA_IMAGE_IN_I |    pointer   |
|m_axi_DATA_IMAGE_IN_I_AWUSER    | out |    1|    m_axi   | DATA_IMAGE_IN_I |    pointer   |
|m_axi_DATA_IMAGE_IN_I_WVALID    | out |    1|    m_axi   | DATA_IMAGE_IN_I |    pointer   |
|m_axi_DATA_IMAGE_IN_I_WREADY    |  in |    1|    m_axi   | DATA_IMAGE_IN_I |    pointer   |
|m_axi_DATA_IMAGE_IN_I_WDATA     | out |   32|    m_axi   | DATA_IMAGE_IN_I |    pointer   |
|m_axi_DATA_IMAGE_IN_I_WSTRB     | out |    4|    m_axi   | DATA_IMAGE_IN_I |    pointer   |
|m_axi_DATA_IMAGE_IN_I_WLAST     | out |    1|    m_axi   | DATA_IMAGE_IN_I |    pointer   |
|m_axi_DATA_IMAGE_IN_I_WID       | out |    1|    m_axi   | DATA_IMAGE_IN_I |    pointer   |
|m_axi_DATA_IMAGE_IN_I_WUSER     | out |    1|    m_axi   | DATA_IMAGE_IN_I |    pointer   |
|m_axi_DATA_IMAGE_IN_I_ARVALID   | out |    1|    m_axi   | DATA_IMAGE_IN_I |    pointer   |
|m_axi_DATA_IMAGE_IN_I_ARREADY   |  in |    1|    m_axi   | DATA_IMAGE_IN_I |    pointer   |
|m_axi_DATA_IMAGE_IN_I_ARADDR    | out |   32|    m_axi   | DATA_IMAGE_IN_I |    pointer   |
|m_axi_DATA_IMAGE_IN_I_ARID      | out |    1|    m_axi   | DATA_IMAGE_IN_I |    pointer   |
|m_axi_DATA_IMAGE_IN_I_ARLEN     | out |    8|    m_axi   | DATA_IMAGE_IN_I |    pointer   |
|m_axi_DATA_IMAGE_IN_I_ARSIZE    | out |    3|    m_axi   | DATA_IMAGE_IN_I |    pointer   |
|m_axi_DATA_IMAGE_IN_I_ARBURST   | out |    2|    m_axi   | DATA_IMAGE_IN_I |    pointer   |
|m_axi_DATA_IMAGE_IN_I_ARLOCK    | out |    2|    m_axi   | DATA_IMAGE_IN_I |    pointer   |
|m_axi_DATA_IMAGE_IN_I_ARCACHE   | out |    4|    m_axi   | DATA_IMAGE_IN_I |    pointer   |
|m_axi_DATA_IMAGE_IN_I_ARPROT    | out |    3|    m_axi   | DATA_IMAGE_IN_I |    pointer   |
|m_axi_DATA_IMAGE_IN_I_ARQOS     | out |    4|    m_axi   | DATA_IMAGE_IN_I |    pointer   |
|m_axi_DATA_IMAGE_IN_I_ARREGION  | out |    4|    m_axi   | DATA_IMAGE_IN_I |    pointer   |
|m_axi_DATA_IMAGE_IN_I_ARUSER    | out |    1|    m_axi   | DATA_IMAGE_IN_I |    pointer   |
|m_axi_DATA_IMAGE_IN_I_RVALID    |  in |    1|    m_axi   | DATA_IMAGE_IN_I |    pointer   |
|m_axi_DATA_IMAGE_IN_I_RREADY    | out |    1|    m_axi   | DATA_IMAGE_IN_I |    pointer   |
|m_axi_DATA_IMAGE_IN_I_RDATA     |  in |   32|    m_axi   | DATA_IMAGE_IN_I |    pointer   |
|m_axi_DATA_IMAGE_IN_I_RLAST     |  in |    1|    m_axi   | DATA_IMAGE_IN_I |    pointer   |
|m_axi_DATA_IMAGE_IN_I_RID       |  in |    1|    m_axi   | DATA_IMAGE_IN_I |    pointer   |
|m_axi_DATA_IMAGE_IN_I_RUSER     |  in |    1|    m_axi   | DATA_IMAGE_IN_I |    pointer   |
|m_axi_DATA_IMAGE_IN_I_RRESP     |  in |    2|    m_axi   | DATA_IMAGE_IN_I |    pointer   |
|m_axi_DATA_IMAGE_IN_I_BVALID    |  in |    1|    m_axi   | DATA_IMAGE_IN_I |    pointer   |
|m_axi_DATA_IMAGE_IN_I_BREADY    | out |    1|    m_axi   | DATA_IMAGE_IN_I |    pointer   |
|m_axi_DATA_IMAGE_IN_I_BRESP     |  in |    2|    m_axi   | DATA_IMAGE_IN_I |    pointer   |
|m_axi_DATA_IMAGE_IN_I_BID       |  in |    1|    m_axi   | DATA_IMAGE_IN_I |    pointer   |
|m_axi_DATA_IMAGE_IN_I_BUSER     |  in |    1|    m_axi   | DATA_IMAGE_IN_I |    pointer   |
|m_axi_DATA_C1_W_I_AWVALID       | out |    1|    m_axi   |   DATA_C1_W_I   |    pointer   |
|m_axi_DATA_C1_W_I_AWREADY       |  in |    1|    m_axi   |   DATA_C1_W_I   |    pointer   |
|m_axi_DATA_C1_W_I_AWADDR        | out |   32|    m_axi   |   DATA_C1_W_I   |    pointer   |
|m_axi_DATA_C1_W_I_AWID          | out |    1|    m_axi   |   DATA_C1_W_I   |    pointer   |
|m_axi_DATA_C1_W_I_AWLEN         | out |    8|    m_axi   |   DATA_C1_W_I   |    pointer   |
|m_axi_DATA_C1_W_I_AWSIZE        | out |    3|    m_axi   |   DATA_C1_W_I   |    pointer   |
|m_axi_DATA_C1_W_I_AWBURST       | out |    2|    m_axi   |   DATA_C1_W_I   |    pointer   |
|m_axi_DATA_C1_W_I_AWLOCK        | out |    2|    m_axi   |   DATA_C1_W_I   |    pointer   |
|m_axi_DATA_C1_W_I_AWCACHE       | out |    4|    m_axi   |   DATA_C1_W_I   |    pointer   |
|m_axi_DATA_C1_W_I_AWPROT        | out |    3|    m_axi   |   DATA_C1_W_I   |    pointer   |
|m_axi_DATA_C1_W_I_AWQOS         | out |    4|    m_axi   |   DATA_C1_W_I   |    pointer   |
|m_axi_DATA_C1_W_I_AWREGION      | out |    4|    m_axi   |   DATA_C1_W_I   |    pointer   |
|m_axi_DATA_C1_W_I_AWUSER        | out |    1|    m_axi   |   DATA_C1_W_I   |    pointer   |
|m_axi_DATA_C1_W_I_WVALID        | out |    1|    m_axi   |   DATA_C1_W_I   |    pointer   |
|m_axi_DATA_C1_W_I_WREADY        |  in |    1|    m_axi   |   DATA_C1_W_I   |    pointer   |
|m_axi_DATA_C1_W_I_WDATA         | out |   32|    m_axi   |   DATA_C1_W_I   |    pointer   |
|m_axi_DATA_C1_W_I_WSTRB         | out |    4|    m_axi   |   DATA_C1_W_I   |    pointer   |
|m_axi_DATA_C1_W_I_WLAST         | out |    1|    m_axi   |   DATA_C1_W_I   |    pointer   |
|m_axi_DATA_C1_W_I_WID           | out |    1|    m_axi   |   DATA_C1_W_I   |    pointer   |
|m_axi_DATA_C1_W_I_WUSER         | out |    1|    m_axi   |   DATA_C1_W_I   |    pointer   |
|m_axi_DATA_C1_W_I_ARVALID       | out |    1|    m_axi   |   DATA_C1_W_I   |    pointer   |
|m_axi_DATA_C1_W_I_ARREADY       |  in |    1|    m_axi   |   DATA_C1_W_I   |    pointer   |
|m_axi_DATA_C1_W_I_ARADDR        | out |   32|    m_axi   |   DATA_C1_W_I   |    pointer   |
|m_axi_DATA_C1_W_I_ARID          | out |    1|    m_axi   |   DATA_C1_W_I   |    pointer   |
|m_axi_DATA_C1_W_I_ARLEN         | out |    8|    m_axi   |   DATA_C1_W_I   |    pointer   |
|m_axi_DATA_C1_W_I_ARSIZE        | out |    3|    m_axi   |   DATA_C1_W_I   |    pointer   |
|m_axi_DATA_C1_W_I_ARBURST       | out |    2|    m_axi   |   DATA_C1_W_I   |    pointer   |
|m_axi_DATA_C1_W_I_ARLOCK        | out |    2|    m_axi   |   DATA_C1_W_I   |    pointer   |
|m_axi_DATA_C1_W_I_ARCACHE       | out |    4|    m_axi   |   DATA_C1_W_I   |    pointer   |
|m_axi_DATA_C1_W_I_ARPROT        | out |    3|    m_axi   |   DATA_C1_W_I   |    pointer   |
|m_axi_DATA_C1_W_I_ARQOS         | out |    4|    m_axi   |   DATA_C1_W_I   |    pointer   |
|m_axi_DATA_C1_W_I_ARREGION      | out |    4|    m_axi   |   DATA_C1_W_I   |    pointer   |
|m_axi_DATA_C1_W_I_ARUSER        | out |    1|    m_axi   |   DATA_C1_W_I   |    pointer   |
|m_axi_DATA_C1_W_I_RVALID        |  in |    1|    m_axi   |   DATA_C1_W_I   |    pointer   |
|m_axi_DATA_C1_W_I_RREADY        | out |    1|    m_axi   |   DATA_C1_W_I   |    pointer   |
|m_axi_DATA_C1_W_I_RDATA         |  in |   32|    m_axi   |   DATA_C1_W_I   |    pointer   |
|m_axi_DATA_C1_W_I_RLAST         |  in |    1|    m_axi   |   DATA_C1_W_I   |    pointer   |
|m_axi_DATA_C1_W_I_RID           |  in |    1|    m_axi   |   DATA_C1_W_I   |    pointer   |
|m_axi_DATA_C1_W_I_RUSER         |  in |    1|    m_axi   |   DATA_C1_W_I   |    pointer   |
|m_axi_DATA_C1_W_I_RRESP         |  in |    2|    m_axi   |   DATA_C1_W_I   |    pointer   |
|m_axi_DATA_C1_W_I_BVALID        |  in |    1|    m_axi   |   DATA_C1_W_I   |    pointer   |
|m_axi_DATA_C1_W_I_BREADY        | out |    1|    m_axi   |   DATA_C1_W_I   |    pointer   |
|m_axi_DATA_C1_W_I_BRESP         |  in |    2|    m_axi   |   DATA_C1_W_I   |    pointer   |
|m_axi_DATA_C1_W_I_BID           |  in |    1|    m_axi   |   DATA_C1_W_I   |    pointer   |
|m_axi_DATA_C1_W_I_BUSER         |  in |    1|    m_axi   |   DATA_C1_W_I   |    pointer   |
|m_axi_DATA_C1_B_I_AWVALID       | out |    1|    m_axi   |   DATA_C1_B_I   |    pointer   |
|m_axi_DATA_C1_B_I_AWREADY       |  in |    1|    m_axi   |   DATA_C1_B_I   |    pointer   |
|m_axi_DATA_C1_B_I_AWADDR        | out |   32|    m_axi   |   DATA_C1_B_I   |    pointer   |
|m_axi_DATA_C1_B_I_AWID          | out |    1|    m_axi   |   DATA_C1_B_I   |    pointer   |
|m_axi_DATA_C1_B_I_AWLEN         | out |    8|    m_axi   |   DATA_C1_B_I   |    pointer   |
|m_axi_DATA_C1_B_I_AWSIZE        | out |    3|    m_axi   |   DATA_C1_B_I   |    pointer   |
|m_axi_DATA_C1_B_I_AWBURST       | out |    2|    m_axi   |   DATA_C1_B_I   |    pointer   |
|m_axi_DATA_C1_B_I_AWLOCK        | out |    2|    m_axi   |   DATA_C1_B_I   |    pointer   |
|m_axi_DATA_C1_B_I_AWCACHE       | out |    4|    m_axi   |   DATA_C1_B_I   |    pointer   |
|m_axi_DATA_C1_B_I_AWPROT        | out |    3|    m_axi   |   DATA_C1_B_I   |    pointer   |
|m_axi_DATA_C1_B_I_AWQOS         | out |    4|    m_axi   |   DATA_C1_B_I   |    pointer   |
|m_axi_DATA_C1_B_I_AWREGION      | out |    4|    m_axi   |   DATA_C1_B_I   |    pointer   |
|m_axi_DATA_C1_B_I_AWUSER        | out |    1|    m_axi   |   DATA_C1_B_I   |    pointer   |
|m_axi_DATA_C1_B_I_WVALID        | out |    1|    m_axi   |   DATA_C1_B_I   |    pointer   |
|m_axi_DATA_C1_B_I_WREADY        |  in |    1|    m_axi   |   DATA_C1_B_I   |    pointer   |
|m_axi_DATA_C1_B_I_WDATA         | out |   32|    m_axi   |   DATA_C1_B_I   |    pointer   |
|m_axi_DATA_C1_B_I_WSTRB         | out |    4|    m_axi   |   DATA_C1_B_I   |    pointer   |
|m_axi_DATA_C1_B_I_WLAST         | out |    1|    m_axi   |   DATA_C1_B_I   |    pointer   |
|m_axi_DATA_C1_B_I_WID           | out |    1|    m_axi   |   DATA_C1_B_I   |    pointer   |
|m_axi_DATA_C1_B_I_WUSER         | out |    1|    m_axi   |   DATA_C1_B_I   |    pointer   |
|m_axi_DATA_C1_B_I_ARVALID       | out |    1|    m_axi   |   DATA_C1_B_I   |    pointer   |
|m_axi_DATA_C1_B_I_ARREADY       |  in |    1|    m_axi   |   DATA_C1_B_I   |    pointer   |
|m_axi_DATA_C1_B_I_ARADDR        | out |   32|    m_axi   |   DATA_C1_B_I   |    pointer   |
|m_axi_DATA_C1_B_I_ARID          | out |    1|    m_axi   |   DATA_C1_B_I   |    pointer   |
|m_axi_DATA_C1_B_I_ARLEN         | out |    8|    m_axi   |   DATA_C1_B_I   |    pointer   |
|m_axi_DATA_C1_B_I_ARSIZE        | out |    3|    m_axi   |   DATA_C1_B_I   |    pointer   |
|m_axi_DATA_C1_B_I_ARBURST       | out |    2|    m_axi   |   DATA_C1_B_I   |    pointer   |
|m_axi_DATA_C1_B_I_ARLOCK        | out |    2|    m_axi   |   DATA_C1_B_I   |    pointer   |
|m_axi_DATA_C1_B_I_ARCACHE       | out |    4|    m_axi   |   DATA_C1_B_I   |    pointer   |
|m_axi_DATA_C1_B_I_ARPROT        | out |    3|    m_axi   |   DATA_C1_B_I   |    pointer   |
|m_axi_DATA_C1_B_I_ARQOS         | out |    4|    m_axi   |   DATA_C1_B_I   |    pointer   |
|m_axi_DATA_C1_B_I_ARREGION      | out |    4|    m_axi   |   DATA_C1_B_I   |    pointer   |
|m_axi_DATA_C1_B_I_ARUSER        | out |    1|    m_axi   |   DATA_C1_B_I   |    pointer   |
|m_axi_DATA_C1_B_I_RVALID        |  in |    1|    m_axi   |   DATA_C1_B_I   |    pointer   |
|m_axi_DATA_C1_B_I_RREADY        | out |    1|    m_axi   |   DATA_C1_B_I   |    pointer   |
|m_axi_DATA_C1_B_I_RDATA         |  in |   32|    m_axi   |   DATA_C1_B_I   |    pointer   |
|m_axi_DATA_C1_B_I_RLAST         |  in |    1|    m_axi   |   DATA_C1_B_I   |    pointer   |
|m_axi_DATA_C1_B_I_RID           |  in |    1|    m_axi   |   DATA_C1_B_I   |    pointer   |
|m_axi_DATA_C1_B_I_RUSER         |  in |    1|    m_axi   |   DATA_C1_B_I   |    pointer   |
|m_axi_DATA_C1_B_I_RRESP         |  in |    2|    m_axi   |   DATA_C1_B_I   |    pointer   |
|m_axi_DATA_C1_B_I_BVALID        |  in |    1|    m_axi   |   DATA_C1_B_I   |    pointer   |
|m_axi_DATA_C1_B_I_BREADY        | out |    1|    m_axi   |   DATA_C1_B_I   |    pointer   |
|m_axi_DATA_C1_B_I_BRESP         |  in |    2|    m_axi   |   DATA_C1_B_I   |    pointer   |
|m_axi_DATA_C1_B_I_BID           |  in |    1|    m_axi   |   DATA_C1_B_I   |    pointer   |
|m_axi_DATA_C1_B_I_BUSER         |  in |    1|    m_axi   |   DATA_C1_B_I   |    pointer   |
|m_axi_DATA_C3_W_I_AWVALID       | out |    1|    m_axi   |   DATA_C3_W_I   |    pointer   |
|m_axi_DATA_C3_W_I_AWREADY       |  in |    1|    m_axi   |   DATA_C3_W_I   |    pointer   |
|m_axi_DATA_C3_W_I_AWADDR        | out |   32|    m_axi   |   DATA_C3_W_I   |    pointer   |
|m_axi_DATA_C3_W_I_AWID          | out |    1|    m_axi   |   DATA_C3_W_I   |    pointer   |
|m_axi_DATA_C3_W_I_AWLEN         | out |    8|    m_axi   |   DATA_C3_W_I   |    pointer   |
|m_axi_DATA_C3_W_I_AWSIZE        | out |    3|    m_axi   |   DATA_C3_W_I   |    pointer   |
|m_axi_DATA_C3_W_I_AWBURST       | out |    2|    m_axi   |   DATA_C3_W_I   |    pointer   |
|m_axi_DATA_C3_W_I_AWLOCK        | out |    2|    m_axi   |   DATA_C3_W_I   |    pointer   |
|m_axi_DATA_C3_W_I_AWCACHE       | out |    4|    m_axi   |   DATA_C3_W_I   |    pointer   |
|m_axi_DATA_C3_W_I_AWPROT        | out |    3|    m_axi   |   DATA_C3_W_I   |    pointer   |
|m_axi_DATA_C3_W_I_AWQOS         | out |    4|    m_axi   |   DATA_C3_W_I   |    pointer   |
|m_axi_DATA_C3_W_I_AWREGION      | out |    4|    m_axi   |   DATA_C3_W_I   |    pointer   |
|m_axi_DATA_C3_W_I_AWUSER        | out |    1|    m_axi   |   DATA_C3_W_I   |    pointer   |
|m_axi_DATA_C3_W_I_WVALID        | out |    1|    m_axi   |   DATA_C3_W_I   |    pointer   |
|m_axi_DATA_C3_W_I_WREADY        |  in |    1|    m_axi   |   DATA_C3_W_I   |    pointer   |
|m_axi_DATA_C3_W_I_WDATA         | out |   32|    m_axi   |   DATA_C3_W_I   |    pointer   |
|m_axi_DATA_C3_W_I_WSTRB         | out |    4|    m_axi   |   DATA_C3_W_I   |    pointer   |
|m_axi_DATA_C3_W_I_WLAST         | out |    1|    m_axi   |   DATA_C3_W_I   |    pointer   |
|m_axi_DATA_C3_W_I_WID           | out |    1|    m_axi   |   DATA_C3_W_I   |    pointer   |
|m_axi_DATA_C3_W_I_WUSER         | out |    1|    m_axi   |   DATA_C3_W_I   |    pointer   |
|m_axi_DATA_C3_W_I_ARVALID       | out |    1|    m_axi   |   DATA_C3_W_I   |    pointer   |
|m_axi_DATA_C3_W_I_ARREADY       |  in |    1|    m_axi   |   DATA_C3_W_I   |    pointer   |
|m_axi_DATA_C3_W_I_ARADDR        | out |   32|    m_axi   |   DATA_C3_W_I   |    pointer   |
|m_axi_DATA_C3_W_I_ARID          | out |    1|    m_axi   |   DATA_C3_W_I   |    pointer   |
|m_axi_DATA_C3_W_I_ARLEN         | out |    8|    m_axi   |   DATA_C3_W_I   |    pointer   |
|m_axi_DATA_C3_W_I_ARSIZE        | out |    3|    m_axi   |   DATA_C3_W_I   |    pointer   |
|m_axi_DATA_C3_W_I_ARBURST       | out |    2|    m_axi   |   DATA_C3_W_I   |    pointer   |
|m_axi_DATA_C3_W_I_ARLOCK        | out |    2|    m_axi   |   DATA_C3_W_I   |    pointer   |
|m_axi_DATA_C3_W_I_ARCACHE       | out |    4|    m_axi   |   DATA_C3_W_I   |    pointer   |
|m_axi_DATA_C3_W_I_ARPROT        | out |    3|    m_axi   |   DATA_C3_W_I   |    pointer   |
|m_axi_DATA_C3_W_I_ARQOS         | out |    4|    m_axi   |   DATA_C3_W_I   |    pointer   |
|m_axi_DATA_C3_W_I_ARREGION      | out |    4|    m_axi   |   DATA_C3_W_I   |    pointer   |
|m_axi_DATA_C3_W_I_ARUSER        | out |    1|    m_axi   |   DATA_C3_W_I   |    pointer   |
|m_axi_DATA_C3_W_I_RVALID        |  in |    1|    m_axi   |   DATA_C3_W_I   |    pointer   |
|m_axi_DATA_C3_W_I_RREADY        | out |    1|    m_axi   |   DATA_C3_W_I   |    pointer   |
|m_axi_DATA_C3_W_I_RDATA         |  in |   32|    m_axi   |   DATA_C3_W_I   |    pointer   |
|m_axi_DATA_C3_W_I_RLAST         |  in |    1|    m_axi   |   DATA_C3_W_I   |    pointer   |
|m_axi_DATA_C3_W_I_RID           |  in |    1|    m_axi   |   DATA_C3_W_I   |    pointer   |
|m_axi_DATA_C3_W_I_RUSER         |  in |    1|    m_axi   |   DATA_C3_W_I   |    pointer   |
|m_axi_DATA_C3_W_I_RRESP         |  in |    2|    m_axi   |   DATA_C3_W_I   |    pointer   |
|m_axi_DATA_C3_W_I_BVALID        |  in |    1|    m_axi   |   DATA_C3_W_I   |    pointer   |
|m_axi_DATA_C3_W_I_BREADY        | out |    1|    m_axi   |   DATA_C3_W_I   |    pointer   |
|m_axi_DATA_C3_W_I_BRESP         |  in |    2|    m_axi   |   DATA_C3_W_I   |    pointer   |
|m_axi_DATA_C3_W_I_BID           |  in |    1|    m_axi   |   DATA_C3_W_I   |    pointer   |
|m_axi_DATA_C3_W_I_BUSER         |  in |    1|    m_axi   |   DATA_C3_W_I   |    pointer   |
|m_axi_DATA_C3_B_I_AWVALID       | out |    1|    m_axi   |   DATA_C3_B_I   |    pointer   |
|m_axi_DATA_C3_B_I_AWREADY       |  in |    1|    m_axi   |   DATA_C3_B_I   |    pointer   |
|m_axi_DATA_C3_B_I_AWADDR        | out |   32|    m_axi   |   DATA_C3_B_I   |    pointer   |
|m_axi_DATA_C3_B_I_AWID          | out |    1|    m_axi   |   DATA_C3_B_I   |    pointer   |
|m_axi_DATA_C3_B_I_AWLEN         | out |    8|    m_axi   |   DATA_C3_B_I   |    pointer   |
|m_axi_DATA_C3_B_I_AWSIZE        | out |    3|    m_axi   |   DATA_C3_B_I   |    pointer   |
|m_axi_DATA_C3_B_I_AWBURST       | out |    2|    m_axi   |   DATA_C3_B_I   |    pointer   |
|m_axi_DATA_C3_B_I_AWLOCK        | out |    2|    m_axi   |   DATA_C3_B_I   |    pointer   |
|m_axi_DATA_C3_B_I_AWCACHE       | out |    4|    m_axi   |   DATA_C3_B_I   |    pointer   |
|m_axi_DATA_C3_B_I_AWPROT        | out |    3|    m_axi   |   DATA_C3_B_I   |    pointer   |
|m_axi_DATA_C3_B_I_AWQOS         | out |    4|    m_axi   |   DATA_C3_B_I   |    pointer   |
|m_axi_DATA_C3_B_I_AWREGION      | out |    4|    m_axi   |   DATA_C3_B_I   |    pointer   |
|m_axi_DATA_C3_B_I_AWUSER        | out |    1|    m_axi   |   DATA_C3_B_I   |    pointer   |
|m_axi_DATA_C3_B_I_WVALID        | out |    1|    m_axi   |   DATA_C3_B_I   |    pointer   |
|m_axi_DATA_C3_B_I_WREADY        |  in |    1|    m_axi   |   DATA_C3_B_I   |    pointer   |
|m_axi_DATA_C3_B_I_WDATA         | out |   32|    m_axi   |   DATA_C3_B_I   |    pointer   |
|m_axi_DATA_C3_B_I_WSTRB         | out |    4|    m_axi   |   DATA_C3_B_I   |    pointer   |
|m_axi_DATA_C3_B_I_WLAST         | out |    1|    m_axi   |   DATA_C3_B_I   |    pointer   |
|m_axi_DATA_C3_B_I_WID           | out |    1|    m_axi   |   DATA_C3_B_I   |    pointer   |
|m_axi_DATA_C3_B_I_WUSER         | out |    1|    m_axi   |   DATA_C3_B_I   |    pointer   |
|m_axi_DATA_C3_B_I_ARVALID       | out |    1|    m_axi   |   DATA_C3_B_I   |    pointer   |
|m_axi_DATA_C3_B_I_ARREADY       |  in |    1|    m_axi   |   DATA_C3_B_I   |    pointer   |
|m_axi_DATA_C3_B_I_ARADDR        | out |   32|    m_axi   |   DATA_C3_B_I   |    pointer   |
|m_axi_DATA_C3_B_I_ARID          | out |    1|    m_axi   |   DATA_C3_B_I   |    pointer   |
|m_axi_DATA_C3_B_I_ARLEN         | out |    8|    m_axi   |   DATA_C3_B_I   |    pointer   |
|m_axi_DATA_C3_B_I_ARSIZE        | out |    3|    m_axi   |   DATA_C3_B_I   |    pointer   |
|m_axi_DATA_C3_B_I_ARBURST       | out |    2|    m_axi   |   DATA_C3_B_I   |    pointer   |
|m_axi_DATA_C3_B_I_ARLOCK        | out |    2|    m_axi   |   DATA_C3_B_I   |    pointer   |
|m_axi_DATA_C3_B_I_ARCACHE       | out |    4|    m_axi   |   DATA_C3_B_I   |    pointer   |
|m_axi_DATA_C3_B_I_ARPROT        | out |    3|    m_axi   |   DATA_C3_B_I   |    pointer   |
|m_axi_DATA_C3_B_I_ARQOS         | out |    4|    m_axi   |   DATA_C3_B_I   |    pointer   |
|m_axi_DATA_C3_B_I_ARREGION      | out |    4|    m_axi   |   DATA_C3_B_I   |    pointer   |
|m_axi_DATA_C3_B_I_ARUSER        | out |    1|    m_axi   |   DATA_C3_B_I   |    pointer   |
|m_axi_DATA_C3_B_I_RVALID        |  in |    1|    m_axi   |   DATA_C3_B_I   |    pointer   |
|m_axi_DATA_C3_B_I_RREADY        | out |    1|    m_axi   |   DATA_C3_B_I   |    pointer   |
|m_axi_DATA_C3_B_I_RDATA         |  in |   32|    m_axi   |   DATA_C3_B_I   |    pointer   |
|m_axi_DATA_C3_B_I_RLAST         |  in |    1|    m_axi   |   DATA_C3_B_I   |    pointer   |
|m_axi_DATA_C3_B_I_RID           |  in |    1|    m_axi   |   DATA_C3_B_I   |    pointer   |
|m_axi_DATA_C3_B_I_RUSER         |  in |    1|    m_axi   |   DATA_C3_B_I   |    pointer   |
|m_axi_DATA_C3_B_I_RRESP         |  in |    2|    m_axi   |   DATA_C3_B_I   |    pointer   |
|m_axi_DATA_C3_B_I_BVALID        |  in |    1|    m_axi   |   DATA_C3_B_I   |    pointer   |
|m_axi_DATA_C3_B_I_BREADY        | out |    1|    m_axi   |   DATA_C3_B_I   |    pointer   |
|m_axi_DATA_C3_B_I_BRESP         |  in |    2|    m_axi   |   DATA_C3_B_I   |    pointer   |
|m_axi_DATA_C3_B_I_BID           |  in |    1|    m_axi   |   DATA_C3_B_I   |    pointer   |
|m_axi_DATA_C3_B_I_BUSER         |  in |    1|    m_axi   |   DATA_C3_B_I   |    pointer   |
|m_axi_DATA_FC6_W_I_AWVALID      | out |    1|    m_axi   |   DATA_FC6_W_I  |    pointer   |
|m_axi_DATA_FC6_W_I_AWREADY      |  in |    1|    m_axi   |   DATA_FC6_W_I  |    pointer   |
|m_axi_DATA_FC6_W_I_AWADDR       | out |   32|    m_axi   |   DATA_FC6_W_I  |    pointer   |
|m_axi_DATA_FC6_W_I_AWID         | out |    1|    m_axi   |   DATA_FC6_W_I  |    pointer   |
|m_axi_DATA_FC6_W_I_AWLEN        | out |    8|    m_axi   |   DATA_FC6_W_I  |    pointer   |
|m_axi_DATA_FC6_W_I_AWSIZE       | out |    3|    m_axi   |   DATA_FC6_W_I  |    pointer   |
|m_axi_DATA_FC6_W_I_AWBURST      | out |    2|    m_axi   |   DATA_FC6_W_I  |    pointer   |
|m_axi_DATA_FC6_W_I_AWLOCK       | out |    2|    m_axi   |   DATA_FC6_W_I  |    pointer   |
|m_axi_DATA_FC6_W_I_AWCACHE      | out |    4|    m_axi   |   DATA_FC6_W_I  |    pointer   |
|m_axi_DATA_FC6_W_I_AWPROT       | out |    3|    m_axi   |   DATA_FC6_W_I  |    pointer   |
|m_axi_DATA_FC6_W_I_AWQOS        | out |    4|    m_axi   |   DATA_FC6_W_I  |    pointer   |
|m_axi_DATA_FC6_W_I_AWREGION     | out |    4|    m_axi   |   DATA_FC6_W_I  |    pointer   |
|m_axi_DATA_FC6_W_I_AWUSER       | out |    1|    m_axi   |   DATA_FC6_W_I  |    pointer   |
|m_axi_DATA_FC6_W_I_WVALID       | out |    1|    m_axi   |   DATA_FC6_W_I  |    pointer   |
|m_axi_DATA_FC6_W_I_WREADY       |  in |    1|    m_axi   |   DATA_FC6_W_I  |    pointer   |
|m_axi_DATA_FC6_W_I_WDATA        | out |   32|    m_axi   |   DATA_FC6_W_I  |    pointer   |
|m_axi_DATA_FC6_W_I_WSTRB        | out |    4|    m_axi   |   DATA_FC6_W_I  |    pointer   |
|m_axi_DATA_FC6_W_I_WLAST        | out |    1|    m_axi   |   DATA_FC6_W_I  |    pointer   |
|m_axi_DATA_FC6_W_I_WID          | out |    1|    m_axi   |   DATA_FC6_W_I  |    pointer   |
|m_axi_DATA_FC6_W_I_WUSER        | out |    1|    m_axi   |   DATA_FC6_W_I  |    pointer   |
|m_axi_DATA_FC6_W_I_ARVALID      | out |    1|    m_axi   |   DATA_FC6_W_I  |    pointer   |
|m_axi_DATA_FC6_W_I_ARREADY      |  in |    1|    m_axi   |   DATA_FC6_W_I  |    pointer   |
|m_axi_DATA_FC6_W_I_ARADDR       | out |   32|    m_axi   |   DATA_FC6_W_I  |    pointer   |
|m_axi_DATA_FC6_W_I_ARID         | out |    1|    m_axi   |   DATA_FC6_W_I  |    pointer   |
|m_axi_DATA_FC6_W_I_ARLEN        | out |    8|    m_axi   |   DATA_FC6_W_I  |    pointer   |
|m_axi_DATA_FC6_W_I_ARSIZE       | out |    3|    m_axi   |   DATA_FC6_W_I  |    pointer   |
|m_axi_DATA_FC6_W_I_ARBURST      | out |    2|    m_axi   |   DATA_FC6_W_I  |    pointer   |
|m_axi_DATA_FC6_W_I_ARLOCK       | out |    2|    m_axi   |   DATA_FC6_W_I  |    pointer   |
|m_axi_DATA_FC6_W_I_ARCACHE      | out |    4|    m_axi   |   DATA_FC6_W_I  |    pointer   |
|m_axi_DATA_FC6_W_I_ARPROT       | out |    3|    m_axi   |   DATA_FC6_W_I  |    pointer   |
|m_axi_DATA_FC6_W_I_ARQOS        | out |    4|    m_axi   |   DATA_FC6_W_I  |    pointer   |
|m_axi_DATA_FC6_W_I_ARREGION     | out |    4|    m_axi   |   DATA_FC6_W_I  |    pointer   |
|m_axi_DATA_FC6_W_I_ARUSER       | out |    1|    m_axi   |   DATA_FC6_W_I  |    pointer   |
|m_axi_DATA_FC6_W_I_RVALID       |  in |    1|    m_axi   |   DATA_FC6_W_I  |    pointer   |
|m_axi_DATA_FC6_W_I_RREADY       | out |    1|    m_axi   |   DATA_FC6_W_I  |    pointer   |
|m_axi_DATA_FC6_W_I_RDATA        |  in |   32|    m_axi   |   DATA_FC6_W_I  |    pointer   |
|m_axi_DATA_FC6_W_I_RLAST        |  in |    1|    m_axi   |   DATA_FC6_W_I  |    pointer   |
|m_axi_DATA_FC6_W_I_RID          |  in |    1|    m_axi   |   DATA_FC6_W_I  |    pointer   |
|m_axi_DATA_FC6_W_I_RUSER        |  in |    1|    m_axi   |   DATA_FC6_W_I  |    pointer   |
|m_axi_DATA_FC6_W_I_RRESP        |  in |    2|    m_axi   |   DATA_FC6_W_I  |    pointer   |
|m_axi_DATA_FC6_W_I_BVALID       |  in |    1|    m_axi   |   DATA_FC6_W_I  |    pointer   |
|m_axi_DATA_FC6_W_I_BREADY       | out |    1|    m_axi   |   DATA_FC6_W_I  |    pointer   |
|m_axi_DATA_FC6_W_I_BRESP        |  in |    2|    m_axi   |   DATA_FC6_W_I  |    pointer   |
|m_axi_DATA_FC6_W_I_BID          |  in |    1|    m_axi   |   DATA_FC6_W_I  |    pointer   |
|m_axi_DATA_FC6_W_I_BUSER        |  in |    1|    m_axi   |   DATA_FC6_W_I  |    pointer   |
|m_axi_DATA_FC6_B_I_AWVALID      | out |    1|    m_axi   |   DATA_FC6_B_I  |    pointer   |
|m_axi_DATA_FC6_B_I_AWREADY      |  in |    1|    m_axi   |   DATA_FC6_B_I  |    pointer   |
|m_axi_DATA_FC6_B_I_AWADDR       | out |   32|    m_axi   |   DATA_FC6_B_I  |    pointer   |
|m_axi_DATA_FC6_B_I_AWID         | out |    1|    m_axi   |   DATA_FC6_B_I  |    pointer   |
|m_axi_DATA_FC6_B_I_AWLEN        | out |    8|    m_axi   |   DATA_FC6_B_I  |    pointer   |
|m_axi_DATA_FC6_B_I_AWSIZE       | out |    3|    m_axi   |   DATA_FC6_B_I  |    pointer   |
|m_axi_DATA_FC6_B_I_AWBURST      | out |    2|    m_axi   |   DATA_FC6_B_I  |    pointer   |
|m_axi_DATA_FC6_B_I_AWLOCK       | out |    2|    m_axi   |   DATA_FC6_B_I  |    pointer   |
|m_axi_DATA_FC6_B_I_AWCACHE      | out |    4|    m_axi   |   DATA_FC6_B_I  |    pointer   |
|m_axi_DATA_FC6_B_I_AWPROT       | out |    3|    m_axi   |   DATA_FC6_B_I  |    pointer   |
|m_axi_DATA_FC6_B_I_AWQOS        | out |    4|    m_axi   |   DATA_FC6_B_I  |    pointer   |
|m_axi_DATA_FC6_B_I_AWREGION     | out |    4|    m_axi   |   DATA_FC6_B_I  |    pointer   |
|m_axi_DATA_FC6_B_I_AWUSER       | out |    1|    m_axi   |   DATA_FC6_B_I  |    pointer   |
|m_axi_DATA_FC6_B_I_WVALID       | out |    1|    m_axi   |   DATA_FC6_B_I  |    pointer   |
|m_axi_DATA_FC6_B_I_WREADY       |  in |    1|    m_axi   |   DATA_FC6_B_I  |    pointer   |
|m_axi_DATA_FC6_B_I_WDATA        | out |   32|    m_axi   |   DATA_FC6_B_I  |    pointer   |
|m_axi_DATA_FC6_B_I_WSTRB        | out |    4|    m_axi   |   DATA_FC6_B_I  |    pointer   |
|m_axi_DATA_FC6_B_I_WLAST        | out |    1|    m_axi   |   DATA_FC6_B_I  |    pointer   |
|m_axi_DATA_FC6_B_I_WID          | out |    1|    m_axi   |   DATA_FC6_B_I  |    pointer   |
|m_axi_DATA_FC6_B_I_WUSER        | out |    1|    m_axi   |   DATA_FC6_B_I  |    pointer   |
|m_axi_DATA_FC6_B_I_ARVALID      | out |    1|    m_axi   |   DATA_FC6_B_I  |    pointer   |
|m_axi_DATA_FC6_B_I_ARREADY      |  in |    1|    m_axi   |   DATA_FC6_B_I  |    pointer   |
|m_axi_DATA_FC6_B_I_ARADDR       | out |   32|    m_axi   |   DATA_FC6_B_I  |    pointer   |
|m_axi_DATA_FC6_B_I_ARID         | out |    1|    m_axi   |   DATA_FC6_B_I  |    pointer   |
|m_axi_DATA_FC6_B_I_ARLEN        | out |    8|    m_axi   |   DATA_FC6_B_I  |    pointer   |
|m_axi_DATA_FC6_B_I_ARSIZE       | out |    3|    m_axi   |   DATA_FC6_B_I  |    pointer   |
|m_axi_DATA_FC6_B_I_ARBURST      | out |    2|    m_axi   |   DATA_FC6_B_I  |    pointer   |
|m_axi_DATA_FC6_B_I_ARLOCK       | out |    2|    m_axi   |   DATA_FC6_B_I  |    pointer   |
|m_axi_DATA_FC6_B_I_ARCACHE      | out |    4|    m_axi   |   DATA_FC6_B_I  |    pointer   |
|m_axi_DATA_FC6_B_I_ARPROT       | out |    3|    m_axi   |   DATA_FC6_B_I  |    pointer   |
|m_axi_DATA_FC6_B_I_ARQOS        | out |    4|    m_axi   |   DATA_FC6_B_I  |    pointer   |
|m_axi_DATA_FC6_B_I_ARREGION     | out |    4|    m_axi   |   DATA_FC6_B_I  |    pointer   |
|m_axi_DATA_FC6_B_I_ARUSER       | out |    1|    m_axi   |   DATA_FC6_B_I  |    pointer   |
|m_axi_DATA_FC6_B_I_RVALID       |  in |    1|    m_axi   |   DATA_FC6_B_I  |    pointer   |
|m_axi_DATA_FC6_B_I_RREADY       | out |    1|    m_axi   |   DATA_FC6_B_I  |    pointer   |
|m_axi_DATA_FC6_B_I_RDATA        |  in |   32|    m_axi   |   DATA_FC6_B_I  |    pointer   |
|m_axi_DATA_FC6_B_I_RLAST        |  in |    1|    m_axi   |   DATA_FC6_B_I  |    pointer   |
|m_axi_DATA_FC6_B_I_RID          |  in |    1|    m_axi   |   DATA_FC6_B_I  |    pointer   |
|m_axi_DATA_FC6_B_I_RUSER        |  in |    1|    m_axi   |   DATA_FC6_B_I  |    pointer   |
|m_axi_DATA_FC6_B_I_RRESP        |  in |    2|    m_axi   |   DATA_FC6_B_I  |    pointer   |
|m_axi_DATA_FC6_B_I_BVALID       |  in |    1|    m_axi   |   DATA_FC6_B_I  |    pointer   |
|m_axi_DATA_FC6_B_I_BREADY       | out |    1|    m_axi   |   DATA_FC6_B_I  |    pointer   |
|m_axi_DATA_FC6_B_I_BRESP        |  in |    2|    m_axi   |   DATA_FC6_B_I  |    pointer   |
|m_axi_DATA_FC6_B_I_BID          |  in |    1|    m_axi   |   DATA_FC6_B_I  |    pointer   |
|m_axi_DATA_FC6_B_I_BUSER        |  in |    1|    m_axi   |   DATA_FC6_B_I  |    pointer   |
|m_axi_DATA_FC6_O_O_AWVALID      | out |    1|    m_axi   |   DATA_FC6_O_O  |    pointer   |
|m_axi_DATA_FC6_O_O_AWREADY      |  in |    1|    m_axi   |   DATA_FC6_O_O  |    pointer   |
|m_axi_DATA_FC6_O_O_AWADDR       | out |   32|    m_axi   |   DATA_FC6_O_O  |    pointer   |
|m_axi_DATA_FC6_O_O_AWID         | out |    1|    m_axi   |   DATA_FC6_O_O  |    pointer   |
|m_axi_DATA_FC6_O_O_AWLEN        | out |    8|    m_axi   |   DATA_FC6_O_O  |    pointer   |
|m_axi_DATA_FC6_O_O_AWSIZE       | out |    3|    m_axi   |   DATA_FC6_O_O  |    pointer   |
|m_axi_DATA_FC6_O_O_AWBURST      | out |    2|    m_axi   |   DATA_FC6_O_O  |    pointer   |
|m_axi_DATA_FC6_O_O_AWLOCK       | out |    2|    m_axi   |   DATA_FC6_O_O  |    pointer   |
|m_axi_DATA_FC6_O_O_AWCACHE      | out |    4|    m_axi   |   DATA_FC6_O_O  |    pointer   |
|m_axi_DATA_FC6_O_O_AWPROT       | out |    3|    m_axi   |   DATA_FC6_O_O  |    pointer   |
|m_axi_DATA_FC6_O_O_AWQOS        | out |    4|    m_axi   |   DATA_FC6_O_O  |    pointer   |
|m_axi_DATA_FC6_O_O_AWREGION     | out |    4|    m_axi   |   DATA_FC6_O_O  |    pointer   |
|m_axi_DATA_FC6_O_O_AWUSER       | out |    1|    m_axi   |   DATA_FC6_O_O  |    pointer   |
|m_axi_DATA_FC6_O_O_WVALID       | out |    1|    m_axi   |   DATA_FC6_O_O  |    pointer   |
|m_axi_DATA_FC6_O_O_WREADY       |  in |    1|    m_axi   |   DATA_FC6_O_O  |    pointer   |
|m_axi_DATA_FC6_O_O_WDATA        | out |   32|    m_axi   |   DATA_FC6_O_O  |    pointer   |
|m_axi_DATA_FC6_O_O_WSTRB        | out |    4|    m_axi   |   DATA_FC6_O_O  |    pointer   |
|m_axi_DATA_FC6_O_O_WLAST        | out |    1|    m_axi   |   DATA_FC6_O_O  |    pointer   |
|m_axi_DATA_FC6_O_O_WID          | out |    1|    m_axi   |   DATA_FC6_O_O  |    pointer   |
|m_axi_DATA_FC6_O_O_WUSER        | out |    1|    m_axi   |   DATA_FC6_O_O  |    pointer   |
|m_axi_DATA_FC6_O_O_ARVALID      | out |    1|    m_axi   |   DATA_FC6_O_O  |    pointer   |
|m_axi_DATA_FC6_O_O_ARREADY      |  in |    1|    m_axi   |   DATA_FC6_O_O  |    pointer   |
|m_axi_DATA_FC6_O_O_ARADDR       | out |   32|    m_axi   |   DATA_FC6_O_O  |    pointer   |
|m_axi_DATA_FC6_O_O_ARID         | out |    1|    m_axi   |   DATA_FC6_O_O  |    pointer   |
|m_axi_DATA_FC6_O_O_ARLEN        | out |    8|    m_axi   |   DATA_FC6_O_O  |    pointer   |
|m_axi_DATA_FC6_O_O_ARSIZE       | out |    3|    m_axi   |   DATA_FC6_O_O  |    pointer   |
|m_axi_DATA_FC6_O_O_ARBURST      | out |    2|    m_axi   |   DATA_FC6_O_O  |    pointer   |
|m_axi_DATA_FC6_O_O_ARLOCK       | out |    2|    m_axi   |   DATA_FC6_O_O  |    pointer   |
|m_axi_DATA_FC6_O_O_ARCACHE      | out |    4|    m_axi   |   DATA_FC6_O_O  |    pointer   |
|m_axi_DATA_FC6_O_O_ARPROT       | out |    3|    m_axi   |   DATA_FC6_O_O  |    pointer   |
|m_axi_DATA_FC6_O_O_ARQOS        | out |    4|    m_axi   |   DATA_FC6_O_O  |    pointer   |
|m_axi_DATA_FC6_O_O_ARREGION     | out |    4|    m_axi   |   DATA_FC6_O_O  |    pointer   |
|m_axi_DATA_FC6_O_O_ARUSER       | out |    1|    m_axi   |   DATA_FC6_O_O  |    pointer   |
|m_axi_DATA_FC6_O_O_RVALID       |  in |    1|    m_axi   |   DATA_FC6_O_O  |    pointer   |
|m_axi_DATA_FC6_O_O_RREADY       | out |    1|    m_axi   |   DATA_FC6_O_O  |    pointer   |
|m_axi_DATA_FC6_O_O_RDATA        |  in |   32|    m_axi   |   DATA_FC6_O_O  |    pointer   |
|m_axi_DATA_FC6_O_O_RLAST        |  in |    1|    m_axi   |   DATA_FC6_O_O  |    pointer   |
|m_axi_DATA_FC6_O_O_RID          |  in |    1|    m_axi   |   DATA_FC6_O_O  |    pointer   |
|m_axi_DATA_FC6_O_O_RUSER        |  in |    1|    m_axi   |   DATA_FC6_O_O  |    pointer   |
|m_axi_DATA_FC6_O_O_RRESP        |  in |    2|    m_axi   |   DATA_FC6_O_O  |    pointer   |
|m_axi_DATA_FC6_O_O_BVALID       |  in |    1|    m_axi   |   DATA_FC6_O_O  |    pointer   |
|m_axi_DATA_FC6_O_O_BREADY       | out |    1|    m_axi   |   DATA_FC6_O_O  |    pointer   |
|m_axi_DATA_FC6_O_O_BRESP        |  in |    2|    m_axi   |   DATA_FC6_O_O  |    pointer   |
|m_axi_DATA_FC6_O_O_BID          |  in |    1|    m_axi   |   DATA_FC6_O_O  |    pointer   |
|m_axi_DATA_FC6_O_O_BUSER        |  in |    1|    m_axi   |   DATA_FC6_O_O  |    pointer   |
|m_axi_DATA_DONE_AWVALID         | out |    1|    m_axi   |    DATA_DONE    |    pointer   |
|m_axi_DATA_DONE_AWREADY         |  in |    1|    m_axi   |    DATA_DONE    |    pointer   |
|m_axi_DATA_DONE_AWADDR          | out |   32|    m_axi   |    DATA_DONE    |    pointer   |
|m_axi_DATA_DONE_AWID            | out |    1|    m_axi   |    DATA_DONE    |    pointer   |
|m_axi_DATA_DONE_AWLEN           | out |    8|    m_axi   |    DATA_DONE    |    pointer   |
|m_axi_DATA_DONE_AWSIZE          | out |    3|    m_axi   |    DATA_DONE    |    pointer   |
|m_axi_DATA_DONE_AWBURST         | out |    2|    m_axi   |    DATA_DONE    |    pointer   |
|m_axi_DATA_DONE_AWLOCK          | out |    2|    m_axi   |    DATA_DONE    |    pointer   |
|m_axi_DATA_DONE_AWCACHE         | out |    4|    m_axi   |    DATA_DONE    |    pointer   |
|m_axi_DATA_DONE_AWPROT          | out |    3|    m_axi   |    DATA_DONE    |    pointer   |
|m_axi_DATA_DONE_AWQOS           | out |    4|    m_axi   |    DATA_DONE    |    pointer   |
|m_axi_DATA_DONE_AWREGION        | out |    4|    m_axi   |    DATA_DONE    |    pointer   |
|m_axi_DATA_DONE_AWUSER          | out |    1|    m_axi   |    DATA_DONE    |    pointer   |
|m_axi_DATA_DONE_WVALID          | out |    1|    m_axi   |    DATA_DONE    |    pointer   |
|m_axi_DATA_DONE_WREADY          |  in |    1|    m_axi   |    DATA_DONE    |    pointer   |
|m_axi_DATA_DONE_WDATA           | out |   32|    m_axi   |    DATA_DONE    |    pointer   |
|m_axi_DATA_DONE_WSTRB           | out |    4|    m_axi   |    DATA_DONE    |    pointer   |
|m_axi_DATA_DONE_WLAST           | out |    1|    m_axi   |    DATA_DONE    |    pointer   |
|m_axi_DATA_DONE_WID             | out |    1|    m_axi   |    DATA_DONE    |    pointer   |
|m_axi_DATA_DONE_WUSER           | out |    1|    m_axi   |    DATA_DONE    |    pointer   |
|m_axi_DATA_DONE_ARVALID         | out |    1|    m_axi   |    DATA_DONE    |    pointer   |
|m_axi_DATA_DONE_ARREADY         |  in |    1|    m_axi   |    DATA_DONE    |    pointer   |
|m_axi_DATA_DONE_ARADDR          | out |   32|    m_axi   |    DATA_DONE    |    pointer   |
|m_axi_DATA_DONE_ARID            | out |    1|    m_axi   |    DATA_DONE    |    pointer   |
|m_axi_DATA_DONE_ARLEN           | out |    8|    m_axi   |    DATA_DONE    |    pointer   |
|m_axi_DATA_DONE_ARSIZE          | out |    3|    m_axi   |    DATA_DONE    |    pointer   |
|m_axi_DATA_DONE_ARBURST         | out |    2|    m_axi   |    DATA_DONE    |    pointer   |
|m_axi_DATA_DONE_ARLOCK          | out |    2|    m_axi   |    DATA_DONE    |    pointer   |
|m_axi_DATA_DONE_ARCACHE         | out |    4|    m_axi   |    DATA_DONE    |    pointer   |
|m_axi_DATA_DONE_ARPROT          | out |    3|    m_axi   |    DATA_DONE    |    pointer   |
|m_axi_DATA_DONE_ARQOS           | out |    4|    m_axi   |    DATA_DONE    |    pointer   |
|m_axi_DATA_DONE_ARREGION        | out |    4|    m_axi   |    DATA_DONE    |    pointer   |
|m_axi_DATA_DONE_ARUSER          | out |    1|    m_axi   |    DATA_DONE    |    pointer   |
|m_axi_DATA_DONE_RVALID          |  in |    1|    m_axi   |    DATA_DONE    |    pointer   |
|m_axi_DATA_DONE_RREADY          | out |    1|    m_axi   |    DATA_DONE    |    pointer   |
|m_axi_DATA_DONE_RDATA           |  in |   32|    m_axi   |    DATA_DONE    |    pointer   |
|m_axi_DATA_DONE_RLAST           |  in |    1|    m_axi   |    DATA_DONE    |    pointer   |
|m_axi_DATA_DONE_RID             |  in |    1|    m_axi   |    DATA_DONE    |    pointer   |
|m_axi_DATA_DONE_RUSER           |  in |    1|    m_axi   |    DATA_DONE    |    pointer   |
|m_axi_DATA_DONE_RRESP           |  in |    2|    m_axi   |    DATA_DONE    |    pointer   |
|m_axi_DATA_DONE_BVALID          |  in |    1|    m_axi   |    DATA_DONE    |    pointer   |
|m_axi_DATA_DONE_BREADY          | out |    1|    m_axi   |    DATA_DONE    |    pointer   |
|m_axi_DATA_DONE_BRESP           |  in |    2|    m_axi   |    DATA_DONE    |    pointer   |
|m_axi_DATA_DONE_BID             |  in |    1|    m_axi   |    DATA_DONE    |    pointer   |
|m_axi_DATA_DONE_BUSER           |  in |    1|    m_axi   |    DATA_DONE    |    pointer   |
|m_axi_DATA_START_AWVALID        | out |    1|    m_axi   |    DATA_START   |    pointer   |
|m_axi_DATA_START_AWREADY        |  in |    1|    m_axi   |    DATA_START   |    pointer   |
|m_axi_DATA_START_AWADDR         | out |   32|    m_axi   |    DATA_START   |    pointer   |
|m_axi_DATA_START_AWID           | out |    1|    m_axi   |    DATA_START   |    pointer   |
|m_axi_DATA_START_AWLEN          | out |    8|    m_axi   |    DATA_START   |    pointer   |
|m_axi_DATA_START_AWSIZE         | out |    3|    m_axi   |    DATA_START   |    pointer   |
|m_axi_DATA_START_AWBURST        | out |    2|    m_axi   |    DATA_START   |    pointer   |
|m_axi_DATA_START_AWLOCK         | out |    2|    m_axi   |    DATA_START   |    pointer   |
|m_axi_DATA_START_AWCACHE        | out |    4|    m_axi   |    DATA_START   |    pointer   |
|m_axi_DATA_START_AWPROT         | out |    3|    m_axi   |    DATA_START   |    pointer   |
|m_axi_DATA_START_AWQOS          | out |    4|    m_axi   |    DATA_START   |    pointer   |
|m_axi_DATA_START_AWREGION       | out |    4|    m_axi   |    DATA_START   |    pointer   |
|m_axi_DATA_START_AWUSER         | out |    1|    m_axi   |    DATA_START   |    pointer   |
|m_axi_DATA_START_WVALID         | out |    1|    m_axi   |    DATA_START   |    pointer   |
|m_axi_DATA_START_WREADY         |  in |    1|    m_axi   |    DATA_START   |    pointer   |
|m_axi_DATA_START_WDATA          | out |   32|    m_axi   |    DATA_START   |    pointer   |
|m_axi_DATA_START_WSTRB          | out |    4|    m_axi   |    DATA_START   |    pointer   |
|m_axi_DATA_START_WLAST          | out |    1|    m_axi   |    DATA_START   |    pointer   |
|m_axi_DATA_START_WID            | out |    1|    m_axi   |    DATA_START   |    pointer   |
|m_axi_DATA_START_WUSER          | out |    1|    m_axi   |    DATA_START   |    pointer   |
|m_axi_DATA_START_ARVALID        | out |    1|    m_axi   |    DATA_START   |    pointer   |
|m_axi_DATA_START_ARREADY        |  in |    1|    m_axi   |    DATA_START   |    pointer   |
|m_axi_DATA_START_ARADDR         | out |   32|    m_axi   |    DATA_START   |    pointer   |
|m_axi_DATA_START_ARID           | out |    1|    m_axi   |    DATA_START   |    pointer   |
|m_axi_DATA_START_ARLEN          | out |    8|    m_axi   |    DATA_START   |    pointer   |
|m_axi_DATA_START_ARSIZE         | out |    3|    m_axi   |    DATA_START   |    pointer   |
|m_axi_DATA_START_ARBURST        | out |    2|    m_axi   |    DATA_START   |    pointer   |
|m_axi_DATA_START_ARLOCK         | out |    2|    m_axi   |    DATA_START   |    pointer   |
|m_axi_DATA_START_ARCACHE        | out |    4|    m_axi   |    DATA_START   |    pointer   |
|m_axi_DATA_START_ARPROT         | out |    3|    m_axi   |    DATA_START   |    pointer   |
|m_axi_DATA_START_ARQOS          | out |    4|    m_axi   |    DATA_START   |    pointer   |
|m_axi_DATA_START_ARREGION       | out |    4|    m_axi   |    DATA_START   |    pointer   |
|m_axi_DATA_START_ARUSER         | out |    1|    m_axi   |    DATA_START   |    pointer   |
|m_axi_DATA_START_RVALID         |  in |    1|    m_axi   |    DATA_START   |    pointer   |
|m_axi_DATA_START_RREADY         | out |    1|    m_axi   |    DATA_START   |    pointer   |
|m_axi_DATA_START_RDATA          |  in |   32|    m_axi   |    DATA_START   |    pointer   |
|m_axi_DATA_START_RLAST          |  in |    1|    m_axi   |    DATA_START   |    pointer   |
|m_axi_DATA_START_RID            |  in |    1|    m_axi   |    DATA_START   |    pointer   |
|m_axi_DATA_START_RUSER          |  in |    1|    m_axi   |    DATA_START   |    pointer   |
|m_axi_DATA_START_RRESP          |  in |    2|    m_axi   |    DATA_START   |    pointer   |
|m_axi_DATA_START_BVALID         |  in |    1|    m_axi   |    DATA_START   |    pointer   |
|m_axi_DATA_START_BREADY         | out |    1|    m_axi   |    DATA_START   |    pointer   |
|m_axi_DATA_START_BRESP          |  in |    2|    m_axi   |    DATA_START   |    pointer   |
|m_axi_DATA_START_BID            |  in |    1|    m_axi   |    DATA_START   |    pointer   |
|m_axi_DATA_START_BUSER          |  in |    1|    m_axi   |    DATA_START   |    pointer   |
|fc6_w_i_address0                | out |   11|  ap_memory |     fc6_w_i     |     array    |
|fc6_w_i_ce0                     | out |    1|  ap_memory |     fc6_w_i     |     array    |
|fc6_w_i_q0                      |  in |   32|  ap_memory |     fc6_w_i     |     array    |
|fc6_b_i_address0                | out |    4|  ap_memory |     fc6_b_i     |     array    |
|fc6_b_i_ce0                     | out |    1|  ap_memory |     fc6_b_i     |     array    |
|fc6_b_i_q0                      |  in |   32|  ap_memory |     fc6_b_i     |     array    |
+--------------------------------+-----+-----+------------+-----------------+--------------+

